Archive member included to satisfy reference by file (symbol)

C:\Users\Olli\Documents\LPCXpresso_8.0.0_526\Project\lpc_board_nxp_lpcxpresso_1549\Debug\liblpc_board_nxp_lpcxpresso_1549.a(board.o)
                              ./src/XY-Plotter.o (Board_UARTGetChar)
C:\Users\Olli\Documents\LPCXpresso_8.0.0_526\Project\lpc_board_nxp_lpcxpresso_1549\Debug\liblpc_board_nxp_lpcxpresso_1549.a(board_sysinit.o)
                              ./src/sysinit.o (Board_SystemInit)
C:\Users\Olli\Documents\LPCXpresso_8.0.0_526\Project\lpc_chip_15xx\Debug\liblpc_chip_15xx.a(chip_15xx.o)
                              ./freertos/src/port.o (SystemCoreClock)
C:\Users\Olli\Documents\LPCXpresso_8.0.0_526\Project\lpc_chip_15xx\Debug\liblpc_chip_15xx.a(clock_15xx.o)
                              C:\Users\Olli\Documents\LPCXpresso_8.0.0_526\Project\lpc_board_nxp_lpcxpresso_1549\Debug\liblpc_board_nxp_lpcxpresso_1549.a(board.o) (Chip_Clock_GetMainClockRate)
C:\Users\Olli\Documents\LPCXpresso_8.0.0_526\Project\lpc_chip_15xx\Debug\liblpc_chip_15xx.a(gpio_15xx.o)
                              C:\Users\Olli\Documents\LPCXpresso_8.0.0_526\Project\lpc_board_nxp_lpcxpresso_1549\Debug\liblpc_board_nxp_lpcxpresso_1549.a(board.o) (Chip_GPIO_Init)
C:\Users\Olli\Documents\LPCXpresso_8.0.0_526\Project\lpc_chip_15xx\Debug\liblpc_chip_15xx.a(iocon_15xx.o)
                              C:\Users\Olli\Documents\LPCXpresso_8.0.0_526\Project\lpc_board_nxp_lpcxpresso_1549\Debug\liblpc_board_nxp_lpcxpresso_1549.a(board_sysinit.o) (Chip_IOCON_SetPinMuxing)
C:\Users\Olli\Documents\LPCXpresso_8.0.0_526\Project\lpc_chip_15xx\Debug\liblpc_chip_15xx.a(ritimer_15xx.o)
                              ./src/LPCXProject.o (Chip_RIT_SetCTRL)
C:\Users\Olli\Documents\LPCXpresso_8.0.0_526\Project\lpc_chip_15xx\Debug\liblpc_chip_15xx.a(sct_15xx.o)
                              ./src/drawingObject.o (Chip_SCT_Init)
C:\Users\Olli\Documents\LPCXpresso_8.0.0_526\Project\lpc_chip_15xx\Debug\liblpc_chip_15xx.a(swm_15xx.o)
                              ./src/ITM_write.o (Chip_SWM_MovablePinAssign)
C:\Users\Olli\Documents\LPCXpresso_8.0.0_526\Project\lpc_chip_15xx\Debug\liblpc_chip_15xx.a(sysctl_15xx.o)
                              C:\Users\Olli\Documents\LPCXpresso_8.0.0_526\Project\lpc_board_nxp_lpcxpresso_1549\Debug\liblpc_board_nxp_lpcxpresso_1549.a(board_sysinit.o) (Chip_SYSCTL_AssertPeriphReset)
C:\Users\Olli\Documents\LPCXpresso_8.0.0_526\Project\lpc_chip_15xx\Debug\liblpc_chip_15xx.a(sysinit_15xx.o)
                              C:\Users\Olli\Documents\LPCXpresso_8.0.0_526\Project\lpc_board_nxp_lpcxpresso_1549\Debug\liblpc_board_nxp_lpcxpresso_1549.a(board_sysinit.o) (Chip_SetupXtalClocking)
C:\Users\Olli\Documents\LPCXpresso_8.0.0_526\Project\lpc_chip_15xx\Debug\liblpc_chip_15xx.a(uart_15xx.o)
                              C:\Users\Olli\Documents\LPCXpresso_8.0.0_526\Project\lpc_board_nxp_lpcxpresso_1549\Debug\liblpc_board_nxp_lpcxpresso_1549.a(board.o) (Chip_UART_Init)
C:\Users\Olli\Documents\LPCXpresso_8.0.0_526\Project\lpc_chip_15xx\Debug\liblpc_chip_15xx.a(ring_buffer.o)
                              C:\Users\Olli\Documents\LPCXpresso_8.0.0_526\Project\lpc_chip_15xx\Debug\liblpc_chip_15xx.a(uart_15xx.o) (RingBuffer_Insert)
c:/nxp/lpcxpresso_8.2.2_650/lpcxpresso/tools/bin/../lib/gcc/arm-none-eabi/5.4.1/armv7-m\libgcc.a(_arm_addsubdf3.o)
                              ./src/LPCXProject.o (__aeabi_dsub)
c:/nxp/lpcxpresso_8.2.2_650/lpcxpresso/tools/bin/../lib/gcc/arm-none-eabi/5.4.1/armv7-m\libgcc.a(_arm_muldivdf3.o)
                              ./src/GParser.o (__aeabi_dmul)
c:/nxp/lpcxpresso_8.2.2_650/lpcxpresso/tools/bin/../lib/gcc/arm-none-eabi/5.4.1/armv7-m\libgcc.a(_arm_fixdfsi.o)
                              ./src/LPCXProject.o (__aeabi_d2iz)
c:/nxp/lpcxpresso_8.2.2_650/lpcxpresso/tools/bin/../lib/gcc/arm-none-eabi/5.4.1/armv7-m\libgcc.a(_arm_fixunsdfsi.o)
                              ./src/drawingObject.o (__aeabi_d2uiz)
c:/nxp/lpcxpresso_8.2.2_650/lpcxpresso/tools/bin/../lib/gcc/arm-none-eabi/5.4.1/armv7-m\libgcc.a(_arm_truncdfsf2.o)
                              ./src/GParser.o (__aeabi_d2f)
c:/nxp/lpcxpresso_8.2.2_650/lpcxpresso/tools/bin/../lib/gcc/arm-none-eabi/5.4.1/armv7-m\libgcc.a(_arm_addsubsf3.o)
                              ./src/LPCXProject.o (__aeabi_fsub)
c:/nxp/lpcxpresso_8.2.2_650/lpcxpresso/tools/bin/../lib/gcc/arm-none-eabi/5.4.1/armv7-m\libgcc.a(_arm_muldivsf3.o)
                              ./src/LPCXProject.o (__aeabi_fmul)
c:/nxp/lpcxpresso_8.2.2_650/lpcxpresso/tools/bin/../lib/gcc/arm-none-eabi/5.4.1/armv7-m\libgcc.a(_arm_cmpsf2.o)
                              ./src/LPCXProject.o (__aeabi_fcmplt)
c:/nxp/lpcxpresso_8.2.2_650/lpcxpresso/tools/bin/../lib/gcc/arm-none-eabi/5.4.1/armv7-m\libgcc.a(_arm_fixsfsi.o)
                              ./src/LPCXProject.o (__aeabi_f2iz)
c:/nxp/lpcxpresso_8.2.2_650/lpcxpresso/tools/bin/../lib/gcc/arm-none-eabi/5.4.1/armv7-m\libgcc.a(_arm_fixunssfsi.o)
[...]
Memory Configuration

Name             Origin             Length             Attributes
MFlash256        0x00000000         0x00040000         xr
Ram0_16          0x02000000         0x00004000         xrw
Ram1_16          0x02004000         0x00004000         xrw
Ram2_4           0x02008000         0x00001000         xrw
*default*        0x00000000         0xffffffff

Linker script and memory map

LOAD ./src/GParser.o
LOAD ./src/ITM_write.o
LOAD ./src/LPCXProject.o
LOAD ./src/XY-Plotter.o
LOAD ./src/cr_cpp_config.o
LOAD ./src/cr_startup_lpc15xx.o
LOAD ./src/crp.o
LOAD ./src/drawingObject.o
LOAD ./src/sysinit.o
LOAD ./freertos/src/FreeRTOSCommonHooks.o
LOAD ./freertos/src/croutine.o
LOAD ./freertos/src/event_groups.o
LOAD ./freertos/src/heap_3.o
LOAD ./freertos/src/list.o
LOAD ./freertos/src/port.o
LOAD ./freertos/src/queue.o
LOAD ./freertos/src/tasks.o
LOAD ./freertos/src/timers.o
LOAD C:\Users\Olli\Documents\LPCXpresso_8.0.0_526\Project\lpc_board_nxp_lpcxpresso_1549\Debug\liblpc_board_nxp_lpcxpresso_1549.a
LOAD C:\Users\Olli\Documents\LPCXpresso_8.0.0_526\Project\lpc_chip_15xx\Debug\liblpc_chip_15xx.a
START GROUP
LOAD c:/nxp/lpcxpresso_8.2.2_650/lpcxpresso/tools/bin/../lib/gcc/arm-none-eabi/5.4.1/armv7-m\libgcc.a
LOAD c:/nxp/lpcxpresso_8.2.2_650/lpcxpresso/tools/bin/../lib/gcc/arm-none-eabi/5.4.1/../../../../arm-none-eabi/lib/armv7-m\libc.a
LOAD c:/nxp/lpcxpresso_8.2.2_650/lpcxpresso/tools/bin/../lib/gcc/arm-none-eabi/5.4.1/../../../../arm-none-eabi/lib/armv7-m\libstdc++.a
LOAD c:/nxp/lpcxpresso_8.2.2_650/lpcxpresso/tools/bin/../lib/gcc/arm-none-eabi/5.4.1/../../../../arm-none-eabi/lib/armv7-m\libm.a
LOAD c:/nxp/lpcxpresso_8.2.2_650/lpcxpresso/tools/bin/../lib/gcc/arm-none-eabi/5.4.1/../../../../arm-none-eabi/lib/armv7-m\libcr_newlib_nohost.a
LOAD c:/nxp/lpcxpresso_8.2.2_650/lpcxpresso/tools/bin/../lib/gcc/arm-none-eabi/5.4.1/armv7-m\crti.o
LOAD c:/nxp/lpcxpresso_8.2.2_650/lpcxpresso/tools/bin/../lib/gcc/arm-none-eabi/5.4.1/armv7-m\crtn.o
LOAD c:/nxp/lpcxpresso_8.2.2_650/lpcxpresso/tools/bin/../lib/gcc/arm-none-eabi/5.4.1/armv7-m\crtbegin.o
LOAD c:/nxp/lpcxpresso_8.2.2_650/lpcxpresso/tools/bin/../lib/gcc/arm-none-eabi/5.4.1/armv7-m\crtend.o
END GROUP
                0x00000000                __base_MFlash256 = 0x0
                0x00000000                __base_Flash = 0x0
                0x00040000                __top_MFlash256 = 0x40000
                0x00040000                __top_Flash = 0x40000
                0x02000000                __base_Ram0_16 = 0x2000000
                0x02000000                __base_RAM = 0x2000000
                0x02004000                __top_Ram0_16 = 0x2004000
                0x02004000                __top_RAM = 0x2004000
                0x02004000                __base_Ram1_16 = 0x2004000
                0x02004000                __base_RAM2 = 0x2004000
                0x02008000                __top_Ram1_16 = 0x2008000
                0x02008000                __top_RAM2 = 0x2008000
                0x02008000                __base_Ram2_4 = 0x2008000
                0x02008000                __base_RAM3 = 0x2008000
                0x02009000                __top_Ram2_4 = 0x2009000
                0x02009000                __top_RAM3 = 0x2009000

.text           0x00000000     0xb654
 FILL mask 0xff
                0x00000000                __vectors_start__ = ABSOLUTE (.)
 *(.isr_vector)
 .isr_vector    0x00000000       0xfc ./src/cr_startup_lpc15xx.o
                0x00000000                g_pfnVectors
                0x000000fc                . = ALIGN (0x4)
                0x000000fc                __section_table_start = .
                0x000000fc                __data_section_table = .
                0x000000fc        0x4 LONG 0xb65c LOADADDR (.data)
                0x00000100        0x4 LONG 0x2000000 ADDR (.data)
                0x00000104        0x4 LONG 0x884 SIZEOF (.data)
                0x00000108        0x4 LONG 0xb65c LOADADDR (.data_RAM2)
                0x0000010c        0x4 LONG 0x2004000 ADDR (.data_RAM2)
                0x00000110        0x4 LONG 0x0 SIZEOF (.data_RAM2)
                0x00000114        0x4 LONG 0xb65c LOADADDR (.data_RAM3)
                0x00000118        0x4 LONG 0x2008000 ADDR (.data_RAM3)
                0x0000011c        0x4 LONG 0x0 SIZEOF (.data_RAM3)
                0x00000120                __data_section_table_end = .
                0x00000120                __bss_section_table = .
                0x00000120        0x4 LONG 0x2000884 ADDR (.bss)
                0x00000124        0x4 LONG 0x314 SIZEOF (.bss)
                0x00000128        0x4 LONG 0x2004000 ADDR (.bss_RAM2)
                0x0000012c        0x4 LONG 0x0 SIZEOF (.bss_RAM2)
                0x00000130        0x4 LONG 0x2008000 ADDR (.bss_RAM3)
                0x00000134        0x4 LONG 0x0 SIZEOF (.bss_RAM3)
                0x00000138                __bss_section_table_end = .
                0x00000138                __section_table_end = .
 *(.after_vectors*)
 .after_vectors
                0x00000138      0x158 ./src/cr_startup_lpc15xx.o
                0x00000138                data_init(unsigned int, unsigned int, unsigned int)
                0x0000017c                bss_init(unsigned int, unsigned int)
                0x000001b4                ResetISR
                0x00000240                NMI_Handler
                0x00000248                HardFault_Handler
                0x00000250                MemManage_Handler
                0x00000258                BusFault_Handler
                0x00000260                UsageFault_Handler
                0x00000270                DebugMon_Handler
                0x00000288                RTC_WAKE_IRQHandler
                0x00000288                UART0_IRQHandler
                0x00000288                UART1_IRQHandler
                0x00000288                MRT_IRQHandler
                0x00000288                SPI1_IRQHandler
                0x00000288                PIN_INT6_IRQHandler
                0x00000288                IntDefaultHandler
                0x00000288                PIN_INT4_IRQHandler
                0x00000288                CAN_IRQHandler
                0x00000288                RTC_ALARM_IRQHandler
                0x00000288                ADC1B_IRQHandler
                0x00000288                ADC1_OVR_IRQHandler
                0x00000288                USBWakeup_IRQHandler
                0x00000288                UART2_IRQHandler
                0x00000288                ADC1_THCMP_IRQHandler
                0x00000288                SCT1_IRQHandler
                0x00000288                PIN_INT2_IRQHandler
                0x00000288                USB_FIQHandler
                0x00000288                SCT3_IRQHandler
                0x00000288                PIN_INT7_IRQHandler
                0x00000288                ADC0_OVR_IRQHandler
                0x00000288                PIN_INT1_IRQHandler
                0x00000288                USB_IRQHandler
                0x00000288                BOD_IRQHandler
                0x00000288                ADC0B_IRQHandler
                0x00000288                ACMP0_IRQHandler
                0x00000288                I2C0_IRQHandler
                0x00000288                SCT2_IRQHandler
                0x00000288                WDT_IRQHandler
                0x00000288                PIN_INT0_IRQHandler
                0x00000288                QEI_IRQHandler
                0x00000288                ACMP3_IRQHandler
                0x00000288                GINT0_IRQHandler
                0x00000288                DAC_IRQHandler
                0x00000288                SPI0_IRQHandler
                0x00000288                EEPROM_IRQHandler
                0x00000288                ACMP2_IRQHandler
                0x00000288                PIN_INT5_IRQHandler
                0x00000288                ADC1A_IRQHandler
                0x00000288                DMA_IRQHandler
                0x00000288                PIN_INT3_IRQHandler
                0x00000288                ACMP1_IRQHandler
                0x00000288                SCT0_IRQHandler
                0x00000288                ADC0A_IRQHandler
                0x00000288                FMC_IRQHandler
                0x00000288                GINT1_IRQHandler
                0x00000288                ADC0_THCMP_IRQHandler
 *(.text*)
 .text._ZN7GParserC2Ev
                0x00000290       0x14 ./src/GParser.o
                0x00000290                GParser::GParser()
                0x00000290                GParser::GParser()
 .text._ZN7GParser11takeCommandEiRi
                0x000002a4      0x128 ./src/GParser.o
                0x000002a4                GParser::takeCommand(int, int&)
 .text._ZN7GParser8separateEv
                0x000003cc       0xac ./src/GParser.o
                0x000003cc                GParser::separate()
 .text._ZN7GParser5parseEv
                0x00000478      0x2b4 ./src/GParser.o
                0x00000478                GParser::parse()
 .text._ZN7GParser13getDebugEventEv
                0x0000072c       0x24 ./src/GParser.o
                0x0000072c                GParser::getDebugEvent()
 .text.Chip_SWM_MovablePortPinAssign
                0x00000750       0x30 ./src/ITM_write.o
 .text.ITM_init
                0x00000780       0x14 ./src/ITM_write.o
                0x00000780                ITM_init
 .text.ITM_write
                0x00000794       0x7c ./src/ITM_write.o
                0x00000794                ITM_write
 .text.NVIC_EnableIRQ
                0x00000810       0x30 ./src/LPCXProject.o
 .text.NVIC_DisableIRQ
                0x00000840       0x34 ./src/LPCXProject.o
 .text.Chip_GPIO_SetPinState
                0x00000874       0x38 ./src/LPCXProject.o
 .text.Chip_GPIO_GetPinState
                0x000008ac       0x34 ./src/LPCXProject.o
 .text.Chip_RIT_Enable
                0x000008e0       0x18 ./src/LPCXProject.o
 .text.Chip_RIT_Disable
                0x000008f8       0x18 ./src/LPCXProject.o
 .text.Chip_RIT_EnableCompClear
                0x00000910       0x18 ./src/LPCXProject.o
 .text.Chip_RIT_ClearIntStatus
                0x00000928       0x18 ./src/LPCXProject.o
 .text._Z12CalibrationXv
                0x00000940      0x280 ./src/LPCXProject.o
                0x00000940                CalibrationX()
 .text._Z12CalibrationYv
                0x00000bc0      0x280 ./src/LPCXProject.o
                0x00000bc0                CalibrationY()
 .text._Z21MoveXAxisAccelerationiii
                0x00000e40       0xd0 ./src/LPCXProject.o
                0x00000e40                MoveXAxisAcceleration(int, int, int)
 .text._Z21MoveYAxisAccelerationiii
                0x00000f10       0xd0 ./src/LPCXProject.o
                0x00000f10                MoveYAxisAcceleration(int, int, int)
 .text._Z16CoordinatesXStepfi
                0x00000fe0       0x7c ./src/LPCXProject.o
                0x00000fe0                CoordinatesXStep(float, int)
 .text._Z16CoordinatesYStepfi
                0x0000105c       0x7c ./src/LPCXProject.o
                0x0000105c                CoordinatesYStep(float, int)
 .text._Z17CoordinatesXMilliii
                0x000010d8       0x4c ./src/LPCXProject.o
                0x000010d8                CoordinatesXMilli(int, int)
 .text._Z17CoordinatesYMilliii
                0x00001124       0x4c ./src/LPCXProject.o
                0x00001124                CoordinatesYMilli(int, int)
 .text._Z13MoveXYPlotterffii
                0x00001170      0x928 ./src/LPCXProject.o
                0x00001170                MoveXYPlotter(float, float, int, int)
 .text._Z11getDistanceff
                0x00001a98       0x88 ./src/LPCXProject.o
                0x00001a98                getDistance(float, float)
 .text.RIT_IRQHandler
                0x00001b20      0x114 ./src/LPCXProject.o
                0x00001b20                RIT_IRQHandler
 .text._Z9RIT_startii
                0x00001c34       0x9c ./src/LPCXProject.o
                0x00001c34                RIT_start(int, int)
 .text._Z41__static_initialization_and_destruction_0ii
                0x00001cd0       0x38 ./src/LPCXProject.o
 .text._GLOBAL__sub_I_RIT_count
                0x00001d08       0x10 ./src/LPCXProject.o
 .text.NVIC_SetPriority
                0x00001d18       0x54 ./src/XY-Plotter.o
 .text.Chip_IOCON_PinMuxSet
                0x00001d6c       0x2c ./src/XY-Plotter.o
 .text.Chip_GPIO_SetPinDIROutput
                0x00001d98       0x3c ./src/XY-Plotter.o
 .text._ZL16prvSetupHardwarev
                0x00001dd4       0x90 ./src/XY-Plotter.o
 .text._ZL12ReceiverTaskPv
                0x00001e64       0x98 ./src/XY-Plotter.o
 .text._ZL9MotorTaskPv
                0x00001efc      0x230 ./src/XY-Plotter.o
 .text.main     0x0000212c       0xbc ./src/XY-Plotter.o
                0x0000212c                main
 .text._Z41__static_initialization_and_destruction_0ii
                0x000021e8       0x84 ./src/XY-Plotter.o
 .text._GLOBAL__sub_I_xQueue
                0x0000226c       0x10 ./src/XY-Plotter.o
 .text.__aeabi_atexit
                0x0000227c       0x18 ./src/cr_cpp_config.o
                0x0000227c                __aeabi_atexit
 .text.Chip_SWM_MovablePortPinAssign
                0x00002294       0x30 ./src/drawingObject.o
 .text.Chip_SCTPWM_Init
                0x000022c4       0x18 ./src/drawingObject.o
 .text._ZN13DrawingObjectC2Ev
                0x000022dc       0x28 ./src/drawingObject.o
                0x000022dc                DrawingObject::DrawingObject()
                0x000022dc                DrawingObject::DrawingObject()
 .text._ZN13DrawingObjectD2Ev
                0x00002304       0x14 ./src/drawingObject.o
                0x00002304                DrawingObject::~DrawingObject()
                0x00002304                DrawingObject::~DrawingObject()
 .text._ZN13DrawingObject4initEP9LPC_SCT_T20CHIP_SWM_PIN_MOVABLEibih
                0x00002318      0x15c ./src/drawingObject.o
                0x00002318                DrawingObject::init(LPC_SCT_T*, CHIP_SWM_PIN_MOVABLE, int, bool, int, unsigned char)
 *fill*         0x00002474        0x4 ff
 .text._ZN13DrawingObject5writeEh
                0x00002478       0xd4 ./src/drawingObject.o
                0x00002478                DrawingObject::write(unsigned char)
 .text.SystemInit
                0x0000254c        0xc ./src/sysinit.o
                0x0000254c                SystemInit
 .text.vApplicationIdleHook
                0x00002558       0x10 ./freertos/src/FreeRTOSCommonHooks.o
                0x00002558                vApplicationIdleHook
 .text.pvPortMalloc
                0x00002568       0x24 ./freertos/src/heap_3.o
                0x00002568                pvPortMalloc
 .text.vPortFree
                0x0000258c       0x24 ./freertos/src/heap_3.o
                0x0000258c                vPortFree
 .text.vListInitialise
                0x000025b0       0x40 ./freertos/src/list.o
                0x000025b0                vListInitialise
 .text.vListInitialiseItem
                0x000025f0       0x18 ./freertos/src/list.o
                0x000025f0                vListInitialiseItem
 .text.vListInsertEnd
                0x00002608       0x48 ./freertos/src/list.o
                0x00002608                vListInsertEnd
 .text.vListInsert
                0x00002650       0x70 ./freertos/src/list.o
                0x00002650                vListInsert
 .text.uxListRemove
                0x000026c0       0x54 ./freertos/src/list.o
                0x000026c0                uxListRemove
 .text.pxPortInitialiseStack
                0x00002714       0x54 ./freertos/src/port.o
                0x00002714                pxPortInitialiseStack
 .text.prvTaskExitError
                0x00002768        0xc ./freertos/src/port.o
 .text.SVC_Handler
                0x00002774       0x28 ./freertos/src/port.o
                0x00002774                SVC_Handler
 .text.prvPortStartFirstTask
                0x0000279c       0x20 ./freertos/src/port.o
 .text.xPortStartScheduler
                0x000027bc       0x3c ./freertos/src/port.o
                0x000027bc                xPortStartScheduler
 .text.vPortYield
                0x000027f8       0x20 ./freertos/src/port.o
                0x000027f8                vPortYield
 .text.vPortEnterCritical
                0x00002818       0x24 ./freertos/src/port.o
                0x00002818                vPortEnterCritical
 .text.vPortExitCritical
                0x0000283c       0x24 ./freertos/src/port.o
                0x0000283c                vPortExitCritical
 .text.ulPortSetInterruptMask
                0x00002860       0x14 ./freertos/src/port.o
                0x00002860                ulPortSetInterruptMask
 .text.vPortClearInterruptMask
                0x00002874        0x8 ./freertos/src/port.o
                0x00002874                vPortClearInterruptMask
 .text.PendSV_Handler
                0x0000287c       0x48 ./freertos/src/port.o
                0x0000287c                PendSV_Handler
 .text.SysTick_Handler
                0x000028c4       0x28 ./freertos/src/port.o
                0x000028c4                SysTick_Handler
 .text.vPortSuppressTicksAndSleep
                0x000028ec      0x17c ./freertos/src/port.o
                0x000028ec                vPortSuppressTicksAndSleep
 .text.vPortSetupTimerInterrupt
                0x00002a68       0x78 ./freertos/src/port.o
                0x00002a68                vPortSetupTimerInterrupt
 .text.xQueueGenericReset
                0x00002ae0       0xa4 ./freertos/src/queue.o
                0x00002ae0                xQueueGenericReset
 .text.xQueueGenericCreate
                0x00002b84       0x78 ./freertos/src/queue.o
                0x00002b84                xQueueGenericCreate
 .text.xQueueGenericSend
                0x00002bfc      0x110 ./freertos/src/queue.o
                0x00002bfc                xQueueGenericSend
 .text.xQueueGenericSendFromISR
                0x00002d0c       0x88 ./freertos/src/queue.o
                0x00002d0c                xQueueGenericSendFromISR
 .text.xQueueGenericReceive
                0x00002d94      0x16c ./freertos/src/queue.o
                0x00002d94                xQueueGenericReceive
 .text.vQueueDelete
                0x00002f00       0x34 ./freertos/src/queue.o
                0x00002f00                vQueueDelete
 .text.prvCopyDataToQueue
                0x00002f34       0xd0 ./freertos/src/queue.o
 .text.prvCopyDataFromQueue
                0x00003004       0x4c ./freertos/src/queue.o
 .text.prvUnlockQueue
                0x00003050       0x98 ./freertos/src/queue.o
 .text.prvIsQueueEmpty
                0x000030e8       0x2c ./freertos/src/queue.o
 .text.prvIsQueueFull
                0x00003114       0x30 ./freertos/src/queue.o
 .text.vQueueUnregisterQueue
                0x00003144       0x44 ./freertos/src/queue.o
                0x00003144                vQueueUnregisterQueue
 .text.xTaskGenericCreate
                0x00003188      0x140 ./freertos/src/tasks.o
                0x00003188                xTaskGenericCreate
 .text.vTaskDelay
                0x000032c8       0x54 ./freertos/src/tasks.o
                0x000032c8                vTaskDelay
 .text.vTaskStartScheduler
                0x0000331c       0x68 ./freertos/src/tasks.o
                0x0000331c                vTaskStartScheduler
 .text.vTaskSuspendAll
                0x00003384       0x1c ./freertos/src/tasks.o
                0x00003384                vTaskSuspendAll
 .text.prvGetExpectedIdleTime
                0x000033a0       0x4c ./freertos/src/tasks.o
 .text.xTaskResumeAll
                0x000033ec       0xfc ./freertos/src/tasks.o
                0x000033ec                xTaskResumeAll
 .text.vTaskStepTick
                0x000034e8       0x24 ./freertos/src/tasks.o
                0x000034e8                vTaskStepTick
 .text.xTaskIncrementTick
                0x0000350c      0x15c ./freertos/src/tasks.o
                0x0000350c                xTaskIncrementTick
 .text.vTaskSwitchContext
                0x00003668       0xa8 ./freertos/src/tasks.o
                0x00003668                vTaskSwitchContext
 .text.vTaskPlaceOnEventList
                0x00003710       0x60 ./freertos/src/tasks.o
                0x00003710                vTaskPlaceOnEventList
 .text.xTaskRemoveFromEventList
                0x00003770       0xac ./freertos/src/tasks.o
                0x00003770                xTaskRemoveFromEventList
 .text.vTaskSetTimeOutState
                0x0000381c       0x2c ./freertos/src/tasks.o
                0x0000381c                vTaskSetTimeOutState
 .text.xTaskCheckForTimeOut
                0x00003848       0x88 ./freertos/src/tasks.o
                0x00003848                xTaskCheckForTimeOut
 .text.vTaskMissedYield
                0x000038d0       0x18 ./freertos/src/tasks.o
                0x000038d0                vTaskMissedYield
 .text.prvIdleTask
                0x000038e8       0x48 ./freertos/src/tasks.o
 .text.eTaskConfirmSleepModeStatus
                0x00003930       0x5c ./freertos/src/tasks.o
                0x00003930                eTaskConfirmSleepModeStatus
 .text.prvInitialiseTCBVariables
                0x0000398c      0x124 ./freertos/src/tasks.o
 .text.prvInitialiseTaskLists
                0x00003ab0       0x80 ./freertos/src/tasks.o
 .text.prvCheckTasksWaitingTermination
                0x00003b30       0x78 ./freertos/src/tasks.o
 .text.prvAddCurrentTaskToDelayedList
                0x00003ba8       0x6c ./freertos/src/tasks.o
 .text.prvAllocateTCBAndStack
                0x00003c14       0x64 ./freertos/src/tasks.o
 .text.prvDeleteTCB
                0x00003c78       0x2c ./freertos/src/tasks.o
 .text.prvResetNextTaskUnblockTime
                0x00003ca4       0x48 ./freertos/src/tasks.o
 .text.xTaskGetCurrentTaskHandle
                0x00003cec       0x1c ./freertos/src/tasks.o
                0x00003cec                xTaskGetCurrentTaskHandle
 .text.vTaskPriorityInherit
                0x00003d08       0xbc ./freertos/src/tasks.o
                0x00003d08                vTaskPriorityInherit
 .text.vTaskPriorityDisinherit
                0x00003dc4       0x84 ./freertos/src/tasks.o
                0x00003dc4                vTaskPriorityDisinherit
 .text.Chip_IOCON_PinMuxSet
                0x00003e48       0x2c C:\Users\Olli\Documents\LPCXpresso_8.0.0_526\Project\lpc_board_nxp_lpcxpresso_1549\Debug\liblpc_board_nxp_lpcxpresso_1549.a(board.o)
 .text.Chip_SWM_MovablePortPinAssign
                0x00003e74       0x30 C:\Users\Olli\Documents\LPCXpresso_8.0.0_526\Project\lpc_board_nxp_lpcxpresso_1549\Debug\liblpc_board_nxp_lpcxpresso_1549.a(board.o)
 .text.Chip_GPIO_SetPinState
                0x00003ea4       0x38 C:\Users\Olli\Documents\LPCXpresso_8.0.0_526\Project\lpc_board_nxp_lpcxpresso_1549\Debug\liblpc_board_nxp_lpcxpresso_1549.a(board.o)
 .text.Chip_GPIO_SetPinDIROutput
                0x00003edc       0x3c C:\Users\Olli\Documents\LPCXpresso_8.0.0_526\Project\lpc_board_nxp_lpcxpresso_1549\Debug\liblpc_board_nxp_lpcxpresso_1549.a(board.o)
 .text.Chip_UART_Enable
                0x00003f18       0x20 C:\Users\Olli\Documents\LPCXpresso_8.0.0_526\Project\lpc_board_nxp_lpcxpresso_1549\Debug\liblpc_board_nxp_lpcxpresso_1549.a(board.o)
 .text.Chip_UART_TXEnable
                0x00003f38       0x20 C:\Users\Olli\Documents\LPCXpresso_8.0.0_526\Project\lpc_board_nxp_lpcxpresso_1549\Debug\liblpc_board_nxp_lpcxpresso_1549.a(board.o)
 .text.Chip_UART_ConfigData
                0x00003f58       0x28 C:\Users\Olli\Documents\LPCXpresso_8.0.0_526\Project\lpc_board_nxp_lpcxpresso_1549\Debug\liblpc_board_nxp_lpcxpresso_1549.a(board.o)
 .text.Board_UARTPutChar
                0x00003f80       0x24 C:\Users\Olli\Documents\LPCXpresso_8.0.0_526\Project\lpc_board_nxp_lpcxpresso_1549\Debug\liblpc_board_nxp_lpcxpresso_1549.a(board.o)
                0x00003f80                Board_UARTPutChar
 .text.Board_UARTGetChar
                0x00003fa4       0x2c C:\Users\Olli\Documents\LPCXpresso_8.0.0_526\Project\lpc_board_nxp_lpcxpresso_1549\Debug\liblpc_board_nxp_lpcxpresso_1549.a(board.o)
                0x00003fa4                Board_UARTGetChar
 .text.Board_UARTPutSTR
                0x00003fd0       0x28 C:\Users\Olli\Documents\LPCXpresso_8.0.0_526\Project\lpc_board_nxp_lpcxpresso_1549\Debug\liblpc_board_nxp_lpcxpresso_1549.a(board.o)
                0x00003fd0                Board_UARTPutSTR
 .text.Board_Debug_Init
                0x00003ff8       0x70 C:\Users\Olli\Documents\LPCXpresso_8.0.0_526\Project\lpc_board_nxp_lpcxpresso_1549\Debug\liblpc_board_nxp_lpcxpresso_1549.a(board.o)
                0x00003ff8                Board_Debug_Init
 .text.Board_LED_Init
                0x00004068       0x5c C:\Users\Olli\Documents\LPCXpresso_8.0.0_526\Project\lpc_board_nxp_lpcxpresso_1549\Debug\liblpc_board_nxp_lpcxpresso_1549.a(board.o)
 .text.Board_LED_Set
                0x000040c4       0x54 C:\Users\Olli\Documents\LPCXpresso_8.0.0_526\Project\lpc_board_nxp_lpcxpresso_1549\Debug\liblpc_board_nxp_lpcxpresso_1549.a(board.o)
                0x000040c4                Board_LED_Set
 .text.Board_Init
                0x00004118       0x18 C:\Users\Olli\Documents\LPCXpresso_8.0.0_526\Project\lpc_board_nxp_lpcxpresso_1549\Debug\liblpc_board_nxp_lpcxpresso_1549.a(board.o)
                0x00004118                Board_Init
 .text.Chip_SYSCTL_PeriphReset
                0x00004130       0x24 C:\Users\Olli\Documents\LPCXpresso_8.0.0_526\Project\lpc_board_nxp_lpcxpresso_1549\Debug\liblpc_board_nxp_lpcxpresso_1549.a(board_sysinit.o)
 .text.Chip_Clock_SetUSBPLLSource
                0x00004154       0x20 C:\Users\Olli\Documents\LPCXpresso_8.0.0_526\Project\lpc_board_nxp_lpcxpresso_1549\Debug\liblpc_board_nxp_lpcxpresso_1549.a(board_sysinit.o)
 .text.Chip_Clock_SetupUSBPLL
                0x00004174       0x34 C:\Users\Olli\Documents\LPCXpresso_8.0.0_526\Project\lpc_board_nxp_lpcxpresso_1549\Debug\liblpc_board_nxp_lpcxpresso_1549.a(board_sysinit.o)
 .text.Chip_Clock_IsUSBPLLLocked
                0x000041a8       0x24 C:\Users\Olli\Documents\LPCXpresso_8.0.0_526\Project\lpc_board_nxp_lpcxpresso_1549\Debug\liblpc_board_nxp_lpcxpresso_1549.a(board_sysinit.o)
 .text.Chip_Clock_SetSysTickClockDiv
                0x000041cc       0x20 C:\Users\Olli\Documents\LPCXpresso_8.0.0_526\Project\lpc_board_nxp_lpcxpresso_1549\Debug\liblpc_board_nxp_lpcxpresso_1549.a(board_sysinit.o)
 .text.Chip_SWM_MovablePortPinAssign
                0x000041ec       0x30 C:\Users\Olli\Documents\LPCXpresso_8.0.0_526\Project\lpc_board_nxp_lpcxpresso_1549\Debug\liblpc_board_nxp_lpcxpresso_1549.a(board_sysinit.o)
 .text.Board_SetupMuxing
                0x0000421c       0x80 C:\Users\Olli\Documents\LPCXpresso_8.0.0_526\Project\lpc_board_nxp_lpcxpresso_1549\Debug\liblpc_board_nxp_lpcxpresso_1549.a(board_sysinit.o)
                0x0000421c                Board_SetupMuxing
 .text.Board_SetupClocking
                0x0000429c       0x3c C:\Users\Olli\Documents\LPCXpresso_8.0.0_526\Project\lpc_board_nxp_lpcxpresso_1549\Debug\liblpc_board_nxp_lpcxpresso_1549.a(board_sysinit.o)
                0x0000429c                Board_SetupClocking
 .text.Board_SystemInit
                0x000042d8       0x1c C:\Users\Olli\Documents\LPCXpresso_8.0.0_526\Project\lpc_board_nxp_lpcxpresso_1549\Debug\liblpc_board_nxp_lpcxpresso_1549.a(board_sysinit.o)
                0x000042d8                Board_SystemInit
 .text.SystemCoreClockUpdate
                0x000042f4       0x18 C:\Users\Olli\Documents\LPCXpresso_8.0.0_526\Project\lpc_chip_15xx\Debug\liblpc_chip_15xx.a(chip_15xx.o)
                0x000042f4                SystemCoreClockUpdate
 .text.Chip_Clock_SetMain_A_ClockSource
                0x0000430c       0x20 C:\Users\Olli\Documents\LPCXpresso_8.0.0_526\Project\lpc_chip_15xx\Debug\liblpc_chip_15xx.a(clock_15xx.o)
 .text.Chip_Clock_GetMain_A_ClockSource
                0x0000432c       0x18 C:\Users\Olli\Documents\LPCXpresso_8.0.0_526\Project\lpc_chip_15xx\Debug\liblpc_chip_15xx.a(clock_15xx.o)
 .text.Chip_Clock_SetMain_B_ClockSource
                0x00004344       0x20 C:\Users\Olli\Documents\LPCXpresso_8.0.0_526\Project\lpc_chip_15xx\Debug\liblpc_chip_15xx.a(clock_15xx.o)
 .text.Chip_Clock_GetMain_B_ClockSource
                0x00004364       0x18 C:\Users\Olli\Documents\LPCXpresso_8.0.0_526\Project\lpc_chip_15xx\Debug\liblpc_chip_15xx.a(clock_15xx.o)
 .text.Chip_Clock_SetUARTFRGDivider
                0x0000437c       0x20 C:\Users\Olli\Documents\LPCXpresso_8.0.0_526\Project\lpc_chip_15xx\Debug\liblpc_chip_15xx.a(clock_15xx.o)
 .text.Chip_Clock_GetUARTFRGDivider
                0x0000439c       0x18 C:\Users\Olli\Documents\LPCXpresso_8.0.0_526\Project\lpc_chip_15xx\Debug\liblpc_chip_15xx.a(clock_15xx.o)
 .text.Chip_Clock_GetMainOscRate
                0x000043b4       0x14 C:\Users\Olli\Documents\LPCXpresso_8.0.0_526\Project\lpc_chip_15xx\Debug\liblpc_chip_15xx.a(clock_15xx.o)
 .text.Chip_Clock_GetIntOscRate
                0x000043c8       0x14 C:\Users\Olli\Documents\LPCXpresso_8.0.0_526\Project\lpc_chip_15xx\Debug\liblpc_chip_15xx.a(clock_15xx.o)
 .text.Chip_Clock_GetRTCOscRate
                0x000043dc       0x14 C:\Users\Olli\Documents\LPCXpresso_8.0.0_526\Project\lpc_chip_15xx\Debug\liblpc_chip_15xx.a(clock_15xx.o)
 .text.Chip_Clock_GetWDTOSCRate
                0x000043f0       0x14 C:\Users\Olli\Documents\LPCXpresso_8.0.0_526\Project\lpc_chip_15xx\Debug\liblpc_chip_15xx.a(clock_15xx.o)
 .text.Chip_Clock_GetPLLFreq
                0x00004404       0x28 C:\Users\Olli\Documents\LPCXpresso_8.0.0_526\Project\lpc_chip_15xx\Debug\liblpc_chip_15xx.a(clock_15xx.o)
 .text.Chip_Clock_GetPLLInClockRate
                0x0000442c       0x38 C:\Users\Olli\Documents\LPCXpresso_8.0.0_526\Project\lpc_chip_15xx\Debug\liblpc_chip_15xx.a(clock_15xx.o)
 .text.Chip_Clock_GetSystemPLLInClockRate
                0x00004464       0x1c C:\Users\Olli\Documents\LPCXpresso_8.0.0_526\Project\lpc_chip_15xx\Debug\liblpc_chip_15xx.a(clock_15xx.o)
                0x00004464                Chip_Clock_GetSystemPLLInClockRate
 .text.Chip_Clock_GetSystemPLLOutClockRate
                0x00004480       0x24 C:\Users\Olli\Documents\LPCXpresso_8.0.0_526\Project\lpc_chip_15xx\Debug\liblpc_chip_15xx.a(clock_15xx.o)
                0x00004480                Chip_Clock_GetSystemPLLOutClockRate
 .text.Chip_Clock_GetMain_A_ClockRate
                0x000044a4       0x44 C:\Users\Olli\Documents\LPCXpresso_8.0.0_526\Project\lpc_chip_15xx\Debug\liblpc_chip_15xx.a(clock_15xx.o)
                0x000044a4                Chip_Clock_GetMain_A_ClockRate
 .text.Chip_Clock_GetMain_B_ClockRate
                0x000044e8       0x58 C:\Users\Olli\Documents\LPCXpresso_8.0.0_526\Project\lpc_chip_15xx\Debug\liblpc_chip_15xx.a(clock_15xx.o)
                0x000044e8                Chip_Clock_GetMain_B_ClockRate
 .text.Chip_Clock_SetMainClockSource
                0x00004540       0x3c C:\Users\Olli\Documents\LPCXpresso_8.0.0_526\Project\lpc_chip_15xx\Debug\liblpc_chip_15xx.a(clock_15xx.o)
                0x00004540                Chip_Clock_SetMainClockSource
 .text.Chip_Clock_GetMainClockRate
                0x0000457c       0x28 C:\Users\Olli\Documents\LPCXpresso_8.0.0_526\Project\lpc_chip_15xx\Debug\liblpc_chip_15xx.a(clock_15xx.o)
                0x0000457c                Chip_Clock_GetMainClockRate
 .text.Chip_Clock_EnablePeriphClock
                0x000045a4       0x54 C:\Users\Olli\Documents\LPCXpresso_8.0.0_526\Project\lpc_chip_15xx\Debug\liblpc_chip_15xx.a(clock_15xx.o)
                0x000045a4                Chip_Clock_EnablePeriphClock
 .text.Chip_Clock_GetUARTBaseClockRate
                0x000045f8       0x88 C:\Users\Olli\Documents\LPCXpresso_8.0.0_526\Project\lpc_chip_15xx\Debug\liblpc_chip_15xx.a(clock_15xx.o)
                0x000045f8                Chip_Clock_GetUARTBaseClockRate
 .text.Chip_Clock_SetUARTBaseClockRate
                0x00004680       0xa0 C:\Users\Olli\Documents\LPCXpresso_8.0.0_526\Project\lpc_chip_15xx\Debug\liblpc_chip_15xx.a(clock_15xx.o)
                0x00004680                Chip_Clock_SetUARTBaseClockRate
 .text.Chip_Clock_GetSystemClockRate
                0x00004720       0x1c C:\Users\Olli\Documents\LPCXpresso_8.0.0_526\Project\lpc_chip_15xx\Debug\liblpc_chip_15xx.a(clock_15xx.o)
                0x00004720                Chip_Clock_GetSystemClockRate
 .text.Chip_SYSCTL_PeriphReset
                0x0000473c       0x24 C:\Users\Olli\Documents\LPCXpresso_8.0.0_526\Project\lpc_chip_15xx\Debug\liblpc_chip_15xx.a(gpio_15xx.o)
 .text.Chip_GPIO_Init
                0x00004760       0x30 C:\Users\Olli\Documents\LPCXpresso_8.0.0_526\Project\lpc_chip_15xx\Debug\liblpc_chip_15xx.a(gpio_15xx.o)
                0x00004760                Chip_GPIO_Init
 .text.Chip_IOCON_PinMuxSet
                0x00004790       0x2c C:\Users\Olli\Documents\LPCXpresso_8.0.0_526\Project\lpc_chip_15xx\Debug\liblpc_chip_15xx.a(iocon_15xx.o)
 .text.Chip_IOCON_SetPinMuxing
                0x000047bc       0x50 C:\Users\Olli\Documents\LPCXpresso_8.0.0_526\Project\lpc_chip_15xx\Debug\liblpc_chip_15xx.a(iocon_15xx.o)
                0x000047bc                Chip_IOCON_SetPinMuxing
 .text.Chip_SYSCTL_PeriphReset
                0x0000480c       0x24 C:\Users\Olli\Documents\LPCXpresso_8.0.0_526\Project\lpc_chip_15xx\Debug\liblpc_chip_15xx.a(ritimer_15xx.o)
 .text.Chip_RIT_Init
                0x00004830       0x24 C:\Users\Olli\Documents\LPCXpresso_8.0.0_526\Project\lpc_chip_15xx\Debug\liblpc_chip_15xx.a(ritimer_15xx.o)
                0x00004830                Chip_RIT_Init
 .text.Chip_RIT_SetCTRL
                0x00004854       0x28 C:\Users\Olli\Documents\LPCXpresso_8.0.0_526\Project\lpc_chip_15xx\Debug\liblpc_chip_15xx.a(ritimer_15xx.o)
                0x00004854                Chip_RIT_SetCTRL
 .text.Chip_RIT_ClearCTRL
                0x0000487c       0x2c C:\Users\Olli\Documents\LPCXpresso_8.0.0_526\Project\lpc_chip_15xx\Debug\liblpc_chip_15xx.a(ritimer_15xx.o)
                0x0000487c                Chip_RIT_ClearCTRL
 .text.Chip_RIT_SetCompareValue
                0x000048a8       0x2c C:\Users\Olli\Documents\LPCXpresso_8.0.0_526\Project\lpc_chip_15xx\Debug\liblpc_chip_15xx.a(ritimer_15xx.o)
                0x000048a8                Chip_RIT_SetCompareValue
 .text.Chip_RIT_SetCounter
                0x000048d4       0x2c C:\Users\Olli\Documents\LPCXpresso_8.0.0_526\Project\lpc_chip_15xx\Debug\liblpc_chip_15xx.a(ritimer_15xx.o)
                0x000048d4                Chip_RIT_SetCounter
 .text.Chip_SYSCTL_PeriphReset
                0x00004900       0x24 C:\Users\Olli\Documents\LPCXpresso_8.0.0_526\Project\lpc_chip_15xx\Debug\liblpc_chip_15xx.a(sct_15xx.o)
 .text.Chip_SCT_Init
                0x00004924       0x3c C:\Users\Olli\Documents\LPCXpresso_8.0.0_526\Project\lpc_chip_15xx\Debug\liblpc_chip_15xx.a(sct_15xx.o)
                0x00004924                Chip_SCT_Init
 .text.Chip_SWM_MovablePinAssign
                0x00004960       0x5c C:\Users\Olli\Documents\LPCXpresso_8.0.0_526\Project\lpc_chip_15xx\Debug\liblpc_chip_15xx.a(swm_15xx.o)
                0x00004960                Chip_SWM_MovablePinAssign
 .text.Chip_SYSCTL_AssertPeriphReset
                0x000049bc       0x48 C:\Users\Olli\Documents\LPCXpresso_8.0.0_526\Project\lpc_chip_15xx\Debug\liblpc_chip_15xx.a(sysctl_15xx.o)
                0x000049bc                Chip_SYSCTL_AssertPeriphReset
 .text.Chip_SYSCTL_DeassertPeriphReset
                0x00004a04       0x4c C:\Users\Olli\Documents\LPCXpresso_8.0.0_526\Project\lpc_chip_15xx\Debug\liblpc_chip_15xx.a(sysctl_15xx.o)
                0x00004a04                Chip_SYSCTL_DeassertPeriphReset
 .text.Chip_SYSCTL_PowerDown
                0x00004a50       0x40 C:\Users\Olli\Documents\LPCXpresso_8.0.0_526\Project\lpc_chip_15xx\Debug\liblpc_chip_15xx.a(sysctl_15xx.o)
                0x00004a50                Chip_SYSCTL_PowerDown
 .text.Chip_SYSCTL_PowerUp
                0x00004a90       0x40 C:\Users\Olli\Documents\LPCXpresso_8.0.0_526\Project\lpc_chip_15xx\Debug\liblpc_chip_15xx.a(sysctl_15xx.o)
                0x00004a90                Chip_SYSCTL_PowerUp
 .text.Chip_FMC_SetFLASHAccess
                0x00004ad0       0x38 C:\Users\Olli\Documents\LPCXpresso_8.0.0_526\Project\lpc_chip_15xx\Debug\liblpc_chip_15xx.a(sysinit_15xx.o)
 .text.Chip_Clock_SetSystemPLLSource
                0x00004b08       0x20 C:\Users\Olli\Documents\LPCXpresso_8.0.0_526\Project\lpc_chip_15xx\Debug\liblpc_chip_15xx.a(sysinit_15xx.o)
 .text.Chip_Clock_SetupSystemPLL
                0x00004b28       0x34 C:\Users\Olli\Documents\LPCXpresso_8.0.0_526\Project\lpc_chip_15xx\Debug\liblpc_chip_15xx.a(sysinit_15xx.o)
 .text.Chip_Clock_IsSystemPLLLocked
                0x00004b5c       0x24 C:\Users\Olli\Documents\LPCXpresso_8.0.0_526\Project\lpc_chip_15xx\Debug\liblpc_chip_15xx.a(sysinit_15xx.o)
 .text.Chip_Clock_SetSysClockDiv
                0x00004b80       0x20 C:\Users\Olli\Documents\LPCXpresso_8.0.0_526\Project\lpc_chip_15xx\Debug\liblpc_chip_15xx.a(sysinit_15xx.o)
 .text.Chip_SetupXtalClocking
                0x00004ba0       0x6c C:\Users\Olli\Documents\LPCXpresso_8.0.0_526\Project\lpc_chip_15xx\Debug\liblpc_chip_15xx.a(sysinit_15xx.o)
                0x00004ba0                Chip_SetupXtalClocking
 .text.Chip_SYSCTL_PeriphReset
                0x00004c0c       0x24 C:\Users\Olli\Documents\LPCXpresso_8.0.0_526\Project\lpc_chip_15xx\Debug\liblpc_chip_15xx.a(uart_15xx.o)
 .text.Chip_UART_SendByte
                0x00004c30       0x1c C:\Users\Olli\Documents\LPCXpresso_8.0.0_526\Project\lpc_chip_15xx\Debug\liblpc_chip_15xx.a(uart_15xx.o)
 .text.Chip_UART_ReadByte
                0x00004c4c       0x1c C:\Users\Olli\Documents\LPCXpresso_8.0.0_526\Project\lpc_chip_15xx\Debug\liblpc_chip_15xx.a(uart_15xx.o)
 .text.Chip_UART_GetStatus
                0x00004c68       0x18 C:\Users\Olli\Documents\LPCXpresso_8.0.0_526\Project\lpc_chip_15xx\Debug\liblpc_chip_15xx.a(uart_15xx.o)
 .text.getUARTClockID
                0x00004c80       0x34 C:\Users\Olli\Documents\LPCXpresso_8.0.0_526\Project\lpc_chip_15xx\Debug\liblpc_chip_15xx.a(uart_15xx.o)
 .text.Chip_UART_Init
                0x00004cb4       0x4c C:\Users\Olli\Documents\LPCXpresso_8.0.0_526\Project\lpc_chip_15xx\Debug\liblpc_chip_15xx.a(uart_15xx.o)
                0x00004cb4                Chip_UART_Init
 .text.Chip_UART_Send
                0x00004d00       0x50 C:\Users\Olli\Documents\LPCXpresso_8.0.0_526\Project\lpc_chip_15xx\Debug\liblpc_chip_15xx.a(uart_15xx.o)
                0x00004d00                Chip_UART_Send
 .text.Chip_UART_SendBlocking
                0x00004d50       0x4c C:\Users\Olli\Documents\LPCXpresso_8.0.0_526\Project\lpc_chip_15xx\Debug\liblpc_chip_15xx.a(uart_15xx.o)
                0x00004d50                Chip_UART_SendBlocking
 .text.Chip_UART_Read
                0x00004d9c       0x54 C:\Users\Olli\Documents\LPCXpresso_8.0.0_526\Project\lpc_chip_15xx\Debug\liblpc_chip_15xx.a(uart_15xx.o)
                0x00004d9c                Chip_UART_Read
 .text.Chip_UART_SetBaud
                0x00004df0       0x2c C:\Users\Olli\Documents\LPCXpresso_8.0.0_526\Project\lpc_chip_15xx\Debug\liblpc_chip_15xx.a(uart_15xx.o)
                0x00004df0                Chip_UART_SetBaud
 .text          0x00004e1c      0x370 c:/nxp/lpcxpresso_8.2.2_650/lpcxpresso/tools/bin/../lib/gcc/arm-none-eabi/5.4.1/armv7-m\libgcc.a(_arm_addsubdf3.o)
                0x00004e1c                __aeabi_drsub
                0x00004e24                __aeabi_dsub
                0x00004e24                __subdf3
                0x00004e28                __aeabi_dadd
                0x00004e28                __adddf3
                0x000050a0                __floatunsidf
                0x000050a0                __aeabi_ui2d
                0x000050c0                __floatsidf
                0x000050c0                __aeabi_i2d
                0x000050e4                __aeabi_f2d
                0x000050e4                __extendsfdf2
                0x00005120                __floatundidf
                0x00005120                __aeabi_ul2d
                0x00005130                __floatdidf
                0x00005130                __aeabi_l2d
 .text          0x0000518c      0x424 c:/nxp/lpcxpresso_8.2.2_650/lpcxpresso/tools/bin/../lib/gcc/arm-none-eabi/5.4.1/armv7-m\libgcc.a(_arm_muldivdf3.o)
                0x0000518c                __aeabi_dmul
                0x0000518c                __muldf3
                0x000053e0                __divdf3
                0x000053e0                __aeabi_ddiv
 .text          0x000055b0       0x50 c:/nxp/lpcxpresso_8.2.2_650/lpcxpresso/tools/bin/../lib/gcc/arm-none-eabi/5.4.1/armv7-m\libgcc.a(_arm_fixdfsi.o)
                0x000055b0                __aeabi_d2iz
                0x000055b0                __fixdfsi
 .text          0x00005600       0x40 c:/nxp/lpcxpresso_8.2.2_650/lpcxpresso/tools/bin/../lib/gcc/arm-none-eabi/5.4.1/armv7-m\libgcc.a(_arm_fixunsdfsi.o)
                0x00005600                __aeabi_d2uiz
                0x00005600                __fixunsdfsi
 .text          0x00005640       0xa0 c:/nxp/lpcxpresso_8.2.2_650/lpcxpresso/tools/bin/../lib/gcc/arm-none-eabi/5.4.1/armv7-m\libgcc.a(_arm_truncdfsf2.o)
                0x00005640                __truncdfsf2
                0x00005640                __aeabi_d2f
 .text          0x000056e0      0x21c c:/nxp/lpcxpresso_8.2.2_650/lpcxpresso/tools/bin/../lib/gcc/arm-none-eabi/5.4.1/armv7-m\libgcc.a(_arm_addsubsf3.o)
                0x000056e0                __aeabi_frsub
                0x000056e8                __subsf3
                0x000056e8                __aeabi_fsub
                0x000056ec                __aeabi_fadd
                0x000056ec                __addsf3
                0x0000584c                __aeabi_ui2f
                0x0000584c                __floatunsisf
                0x00005854                __aeabi_i2f
                0x00005854                __floatsisf
                0x00005870                __aeabi_ul2f
                0x00005870                __floatundisf
                0x00005880                __aeabi_l2f
                0x00005880                __floatdisf
 .text          0x000058fc      0x2a0 c:/nxp/lpcxpresso_8.2.2_650/lpcxpresso/tools/bin/../lib/gcc/arm-none-eabi/5.4.1/armv7-m\libgcc.a(_arm_muldivsf3.o)
                0x000058fc                __mulsf3
                0x000058fc                __aeabi_fmul
                0x00005a64                __aeabi_fdiv
                0x00005a64                __divsf3
 .text          0x00005b9c       0xec c:/nxp/lpcxpresso_8.2.2_650/lpcxpresso/tools/bin/../lib/gcc/arm-none-eabi/5.4.1/armv7-m\libgcc.a(_arm_cmpsf2.o)
                0x00005b9c                __gesf2
                0x00005b9c                __gtsf2
                0x00005ba4                __lesf2
                0x00005ba4                __ltsf2
                0x00005bac                __nesf2
                0x00005bac                __eqsf2
                0x00005bac                __cmpsf2
                0x00005c0c                __aeabi_cfrcmple
                0x00005c14                __aeabi_cfcmpeq
                0x00005c14                __aeabi_cfcmple
                0x00005c24                __aeabi_fcmpeq
                0x00005c38                __aeabi_fcmplt
                0x00005c4c                __aeabi_fcmple
                0x00005c60                __aeabi_fcmpge
                0x00005c74                __aeabi_fcmpgt
 .text          0x00005c88       0x4c c:/nxp/lpcxpresso_8.2.2_650/lpcxpresso/tools/bin/../lib/gcc/arm-none-eabi/5.4.1/armv7-m\libgcc.a(_arm_fixsfsi.o)
                0x00005c88                __aeabi_f2iz
                0x00005c88                __fixsfsi
 .text          0x00005cd4       0x40 c:/nxp/lpcxpresso_8.2.2_650/lpcxpresso/tools/bin/../lib/gcc/arm-none-eabi/5.4.1/armv7-m\libgcc.a(_arm_fixunssfsi.o)
                0x00005cd4                __fixunssfsi
                0x00005cd4                __aeabi_f2uiz
 .text          0x00005d14       0x30 c:/nxp/lpcxpresso_8.2.2_650/lpcxpresso/tools/bin/../lib/gcc/arm-none-eabi/5.4.1/armv7-m\libgcc.a(_aeabi_uldivmod.o)
                0x00005d14                __aeabi_uldivmod
 .text          0x00005d44      0x2ec c:/nxp/lpcxpresso_8.2.2_650/lpcxpresso/tools/bin/../lib/gcc/arm-none-eabi/5.4.1/armv7-m\libgcc.a(_udivmoddi4.o)
                0x00005d44                __udivmoddi4
 .text          0x00006030        0x4 c:/nxp/lpcxpresso_8.2.2_650/lpcxpresso/tools/bin/../lib/gcc/arm-none-eabi/5.4.1/armv7-m\libgcc.a(_dvmd_tls.o)
                0x00006030                __aeabi_idiv0
                0x00006030                __aeabi_ldiv0
 .text.__libc_init_array
                0x00006034       0x50 c:/nxp/lpcxpresso_8.2.2_650/lpcxpresso/tools/bin/../lib/gcc/arm-none-eabi/5.4.1/../../../../arm-none-eabi/lib/armv7-m\libc.a(lib_a-init.o)
                0x00006034                __libc_init_array
 .text.malloc   0x00006084       0x10 c:/nxp/lpcxpresso_8.2.2_650/lpcxpresso/tools/bin/../lib/gcc/arm-none-eabi/5.4.1/../../../../arm-none-eabi/lib/armv7-m\libc.a(lib_a-malloc.o)
                0x00006084                malloc
 .text.free     0x00006094       0x10 c:/nxp/lpcxpresso_8.2.2_650/lpcxpresso/tools/bin/../lib/gcc/arm-none-eabi/5.4.1/../../../../arm-none-eabi/lib/armv7-m\libc.a(lib_a-malloc.o)
                0x00006094                free
 .text._malloc_r
                0x000060a4      0x558 c:/nxp/lpcxpresso_8.2.2_650/lpcxpresso/tools/bin/../lib/gcc/arm-none-eabi/5.4.1/../../../../arm-none-eabi/lib/armv7-m\libc.a(lib_a-mallocr.o)
                0x000060a4                _malloc_r
 .text          0x000065fc       0xec c:/nxp/lpcxpresso_8.2.2_650/lpcxpresso/tools/bin/../lib/gcc/arm-none-eabi/5.4.1/../../../../arm-none-eabi/lib/armv7-m\libc.a(lib_a-memcpy.o)
                0x000065fc                memcpy
 .text.memset   0x000066e8       0x9c c:/nxp/lpcxpresso_8.2.2_650/lpcxpresso/tools/bin/../lib/gcc/arm-none-eabi/5.4.1/../../../../arm-none-eabi/lib/armv7-m\libc.a(lib_a-memset.o)
                0x000066e8                memset
 .text.__malloc_lock
                0x00006784        0x4 c:/nxp/lpcxpresso_8.2.2_650/lpcxpresso/tools/bin/../lib/gcc/arm-none-eabi/5.4.1/../../../../arm-none-eabi/lib/armv7-m\libc.a(lib_a-mlock.o)
                0x00006784                __malloc_lock
 .text.__malloc_unlock
                0x00006788        0x4 c:/nxp/lpcxpresso_8.2.2_650/lpcxpresso/tools/bin/../lib/gcc/arm-none-eabi/5.4.1/../../../../arm-none-eabi/lib/armv7-m\libc.a(lib_a-mlock.o)
                0x00006788                __malloc_unlock
 .text.cleanup_glue
                0x0000678c       0x1c c:/nxp/lpcxpresso_8.2.2_650/lpcxpresso/tools/bin/../lib/gcc/arm-none-eabi/5.4.1/../../../../arm-none-eabi/lib/armv7-m\libc.a(lib_a-reent.o)
                0x0000678c                cleanup_glue
 .text._reclaim_reent
                0x000067a8       0x88 c:/nxp/lpcxpresso_8.2.2_650/lpcxpresso/tools/bin/../lib/gcc/arm-none-eabi/5.4.1/../../../../arm-none-eabi/lib/armv7-m\libc.a(lib_a-reent.o)
                0x000067a8                _reclaim_reent
 .text._sbrk_r  0x00006830       0x24 c:/nxp/lpcxpresso_8.2.2_650/lpcxpresso/tools/bin/../lib/gcc/arm-none-eabi/5.4.1/../../../../arm-none-eabi/lib/armv7-m\libc.a(lib_a-sbrkr.o)
                0x00006830                _sbrk_r
 .text.sprintf  0x00006854       0x4c c:/nxp/lpcxpresso_8.2.2_650/lpcxpresso/tools/bin/../lib/gcc/arm-none-eabi/5.4.1/../../../../arm-none-eabi/lib/armv7-m\libc.a(lib_a-sprintf.o)
                0x00006854                sprintf
 .text._svfprintf_r
                0x000068a0     0x175c c:/nxp/lpcxpresso_8.2.2_650/lpcxpresso/tools/bin/../lib/gcc/arm-none-eabi/5.4.1/../../../../arm-none-eabi/lib/armv7-m\libc.a(lib_a-svfprintf.o)
                0x000068a0                _svfprintf_r
 .text.quorem   0x00007ffc      0x12c c:/nxp/lpcxpresso_8.2.2_650/lpcxpresso/tools/bin/../lib/gcc/arm-none-eabi/5.4.1/../../../../arm-none-eabi/lib/armv7-m\libc.a(lib_a-dtoa.o)
 .text._dtoa_r  0x00008128      0xe4c c:/nxp/lpcxpresso_8.2.2_650/lpcxpresso/tools/bin/../lib/gcc/arm-none-eabi/5.4.1/../../../../arm-none-eabi/lib/armv7-m\libc.a(lib_a-dtoa.o)
                0x00008128                _dtoa_r
 .text._malloc_trim_r
                0x00008f74       0x9c c:/nxp/lpcxpresso_8.2.2_650/lpcxpresso/tools/bin/../lib/gcc/arm-none-eabi/5.4.1/../../../../arm-none-eabi/lib/armv7-m\libc.a(lib_a-freer.o)
                0x00008f74                _malloc_trim_r
 .text._free_r  0x00009010      0x1d0 c:/nxp/lpcxpresso_8.2.2_650/lpcxpresso/tools/bin/../lib/gcc/arm-none-eabi/5.4.1/../../../../arm-none-eabi/lib/armv7-m\libc.a(lib_a-freer.o)
                0x00009010                _free_r
 .text._localeconv_r
                0x000091e0        0x8 c:/nxp/lpcxpresso_8.2.2_650/lpcxpresso/tools/bin/../lib/gcc/arm-none-eabi/5.4.1/../../../../arm-none-eabi/lib/armv7-m\libc.a(lib_a-locale.o)
                0x000091e0                _localeconv_r
 .text.memchr   0x000091e8       0x8c c:/nxp/lpcxpresso_8.2.2_650/lpcxpresso/tools/bin/../lib/gcc/arm-none-eabi/5.4.1/../../../../arm-none-eabi/lib/armv7-m\libc.a(lib_a-memchr-stub.o)
                0x000091e8                memchr
 .text._Balloc  0x00009274       0x50 c:/nxp/lpcxpresso_8.2.2_650/lpcxpresso/tools/bin/../lib/gcc/arm-none-eabi/5.4.1/../../../../arm-none-eabi/lib/armv7-m\libc.a(lib_a-mprec.o)
                0x00009274                _Balloc
 .text._Bfree   0x000092c4       0x14 c:/nxp/lpcxpresso_8.2.2_650/lpcxpresso/tools/bin/../lib/gcc/arm-none-eabi/5.4.1/../../../../arm-none-eabi/lib/armv7-m\libc.a(lib_a-mprec.o)
                0x000092c4                _Bfree
 .text.__multadd
                0x000092d8       0x80 c:/nxp/lpcxpresso_8.2.2_650/lpcxpresso/tools/bin/../lib/gcc/arm-none-eabi/5.4.1/../../../../arm-none-eabi/lib/armv7-m\libc.a(lib_a-mprec.o)
                0x000092d8                __multadd
 .text.__hi0bits
                0x00009358       0x40 c:/nxp/lpcxpresso_8.2.2_650/lpcxpresso/tools/bin/../lib/gcc/arm-none-eabi/5.4.1/../../../../arm-none-eabi/lib/armv7-m\libc.a(lib_a-mprec.o)
                0x00009358                __hi0bits
 .text.__lo0bits
                0x00009398       0x5c c:/nxp/lpcxpresso_8.2.2_650/lpcxpresso/tools/bin/../lib/gcc/arm-none-eabi/5.4.1/../../../../arm-none-eabi/lib/armv7-m\libc.a(lib_a-mprec.o)
                0x00009398                __lo0bits
 .text.__i2b    0x000093f4       0x14 c:/nxp/lpcxpresso_8.2.2_650/lpcxpresso/tools/bin/../lib/gcc/arm-none-eabi/5.4.1/../../../../arm-none-eabi/lib/armv7-m\libc.a(lib_a-mprec.o)
                0x000093f4                __i2b
 .text.__multiply
                0x00009408      0x13c c:/nxp/lpcxpresso_8.2.2_650/lpcxpresso/tools/bin/../lib/gcc/arm-none-eabi/5.4.1/../../../../arm-none-eabi/lib/armv7-m\libc.a(lib_a-mprec.o)
                0x00009408                __multiply
 .text.__pow5mult
                0x00009544       0xa0 c:/nxp/lpcxpresso_8.2.2_650/lpcxpresso/tools/bin/../lib/gcc/arm-none-eabi/5.4.1/../../../../arm-none-eabi/lib/armv7-m\libc.a(lib_a-mprec.o)
                0x00009544                __pow5mult
 .text.__lshift
                0x000095e4       0xac c:/nxp/lpcxpresso_8.2.2_650/lpcxpresso/tools/bin/../lib/gcc/arm-none-eabi/5.4.1/../../../../arm-none-eabi/lib/armv7-m\libc.a(lib_a-mprec.o)
                0x000095e4                __lshift
 .text.__mcmp   0x00009690       0x40 c:/nxp/lpcxpresso_8.2.2_650/lpcxpresso/tools/bin/../lib/gcc/arm-none-eabi/5.4.1/../../../../arm-none-eabi/lib/armv7-m\libc.a(lib_a-mprec.o)
                0x00009690                __mcmp
 .text.__mdiff  0x000096d0      0x128 c:/nxp/lpcxpresso_8.2.2_650/lpcxpresso/tools/bin/../lib/gcc/arm-none-eabi/5.4.1/../../../../arm-none-eabi/lib/armv7-m\libc.a(lib_a-mprec.o)
                0x000096d0                __mdiff
 .text.__d2b    0x000097f8       0xa8 c:/nxp/lpcxpresso_8.2.2_650/lpcxpresso/tools/bin/../lib/gcc/arm-none-eabi/5.4.1/../../../../arm-none-eabi/lib/armv7-m\libc.a(lib_a-mprec.o)
                0x000097f8                __d2b
 .text.strlen   0x000098a0       0x5c c:/nxp/lpcxpresso_8.2.2_650/lpcxpresso/tools/bin/../lib/gcc/arm-none-eabi/5.4.1/../../../../arm-none-eabi/lib/armv7-m\libc.a(lib_a-strlen-stub.o)
                0x000098a0                strlen
 .text.__ssprint_r
                0x000098fc      0x100 c:/nxp/lpcxpresso_8.2.2_650/lpcxpresso/tools/bin/../lib/gcc/arm-none-eabi/5.4.1/../../../../arm-none-eabi/lib/armv7-m\libc.a(lib_a-svfiprintf.o)
                0x000098fc                __ssprint_r
 .text._calloc_r
                0x000099fc       0x60 c:/nxp/lpcxpresso_8.2.2_650/lpcxpresso/tools/bin/../lib/gcc/arm-none-eabi/5.4.1/../../../../arm-none-eabi/lib/armv7-m\libc.a(lib_a-callocr.o)
                0x000099fc                _calloc_r
 .text.memmove  0x00009a5c       0xc8 c:/nxp/lpcxpresso_8.2.2_650/lpcxpresso/tools/bin/../lib/gcc/arm-none-eabi/5.4.1/../../../../arm-none-eabi/lib/armv7-m\libc.a(lib_a-memmove.o)
                0x00009a5c                memmove
 .text._realloc_r
                0x00009b24      0x3d4 c:/nxp/lpcxpresso_8.2.2_650/lpcxpresso/tools/bin/../lib/gcc/arm-none-eabi/5.4.1/../../../../arm-none-eabi/lib/armv7-m\libc.a(lib_a-reallocr.o)
                0x00009b24                _realloc_r
 .text.pow      0x00009ef8      0x330 c:/nxp/lpcxpresso_8.2.2_650/lpcxpresso/tools/bin/../lib/gcc/arm-none-eabi/5.4.1/../../../../arm-none-eabi/lib/armv7-m\libm.a(lib_a-w_pow.o)
                0x00009ef8                pow
 .text.sqrt     0x0000a228       0xb8 c:/nxp/lpcxpresso_8.2.2_650/lpcxpresso/tools/bin/../lib/gcc/arm-none-eabi/5.4.1/../../../../arm-none-eabi/lib/armv7-m\libm.a(lib_a-w_sqrt.o)
                0x0000a228                sqrt
 .text.__ieee754_pow
                0x0000a2e0      0xac4 c:/nxp/lpcxpresso_8.2.2_650/lpcxpresso/tools/bin/../lib/gcc/arm-none-eabi/5.4.1/../../../../arm-none-eabi/lib/armv7-m\libm.a(lib_a-e_pow.o)
                0x0000a2e0                __ieee754_pow
 .text.__ieee754_sqrt
                0x0000ada4      0x188 c:/nxp/lpcxpresso_8.2.2_650/lpcxpresso/tools/bin/../lib/gcc/arm-none-eabi/5.4.1/../../../../arm-none-eabi/lib/armv7-m\libm.a(lib_a-e_sqrt.o)
                0x0000ada4                __ieee754_sqrt
 .text.fabs     0x0000af2c        0x8 c:/nxp/lpcxpresso_8.2.2_650/lpcxpresso/tools/bin/../lib/gcc/arm-none-eabi/5.4.1/../../../../arm-none-eabi/lib/armv7-m\libm.a(lib_a-s_fabs.o)
                0x0000af2c                fabs
 .text.finite   0x0000af34        0xc c:/nxp/lpcxpresso_8.2.2_650/lpcxpresso/tools/bin/../lib/gcc/arm-none-eabi/5.4.1/../../../../arm-none-eabi/lib/armv7-m\libm.a(lib_a-s_finite.o)
                0x0000af34                finite
 .text.matherr  0x0000af40        0x4 c:/nxp/lpcxpresso_8.2.2_650/lpcxpresso/tools/bin/../lib/gcc/arm-none-eabi/5.4.1/../../../../arm-none-eabi/lib/armv7-m\libm.a(lib_a-s_matherr.o)
                0x0000af40                matherr
 .text.nan      0x0000af44        0xc c:/nxp/lpcxpresso_8.2.2_650/lpcxpresso/tools/bin/../lib/gcc/arm-none-eabi/5.4.1/../../../../arm-none-eabi/lib/armv7-m\libm.a(lib_a-s_nan.o)
                0x0000af44                nan
 .text.rint     0x0000af50      0x120 c:/nxp/lpcxpresso_8.2.2_650/lpcxpresso/tools/bin/../lib/gcc/arm-none-eabi/5.4.1/../../../../arm-none-eabi/lib/armv7-m\libm.a(lib_a-s_rint.o)
                0x0000af50                rint
 .text.scalbn   0x0000b070       0xe4 c:/nxp/lpcxpresso_8.2.2_650/lpcxpresso/tools/bin/../lib/gcc/arm-none-eabi/5.4.1/../../../../arm-none-eabi/lib/armv7-m\libm.a(lib_a-s_scalbn.o)
                0x0000b070                scalbn
 .text.copysign
                0x0000b154       0x10 c:/nxp/lpcxpresso_8.2.2_650/lpcxpresso/tools/bin/../lib/gcc/arm-none-eabi/5.4.1/../../../../arm-none-eabi/lib/armv7-m\libm.a(lib_a-s_copysign.o)
                0x0000b154                copysign
 .text._sbrk    0x0000b164       0x3c c:/nxp/lpcxpresso_8.2.2_650/lpcxpresso/tools/bin/../lib/gcc/arm-none-eabi/5.4.1/../../../../arm-none-eabi/lib/armv7-m\libcr_newlib_nohost.a(_cr_sbrk.o)
                0x0000b164                _sbrk
 .text.__check_heap_overflow
                0x0000b1a0       0x18 c:/nxp/lpcxpresso_8.2.2_650/lpcxpresso/tools/bin/../lib/gcc/arm-none-eabi/5.4.1/../../../../arm-none-eabi/lib/armv7-m\libcr_newlib_nohost.a(_cr_check_heap.o)
                0x0000b1a0                __check_heap_overflow
 .text          0x0000b1b8       0x5c c:/nxp/lpcxpresso_8.2.2_650/lpcxpresso/tools/bin/../lib/gcc/arm-none-eabi/5.4.1/armv7-m\crtbegin.o
 .text          0x0000b214      0x110 c:/nxp/lpcxpresso_8.2.2_650/lpcxpresso/tools/bin/../lib/gcc/arm-none-eabi/5.4.1/armv7-m\libgcc.a(_arm_cmpdf2.o)
                0x0000b214                __gtdf2
                0x0000b214                __gedf2
                0x0000b21c                __ltdf2
                0x0000b21c                __ledf2
                0x0000b224                __nedf2
                0x0000b224                __eqdf2
                0x0000b224                __cmpdf2
                0x0000b2a0                __aeabi_cdrcmple
                0x0000b2b0                __aeabi_cdcmpeq
                0x0000b2b0                __aeabi_cdcmple
                0x0000b2c0                __aeabi_dcmpeq
                0x0000b2d4                __aeabi_dcmplt
                0x0000b2e8                __aeabi_dcmple
                0x0000b2fc                __aeabi_dcmpge
                0x0000b310                __aeabi_dcmpgt
 .text          0x0000b324       0x2c c:/nxp/lpcxpresso_8.2.2_650/lpcxpresso/tools/bin/../lib/gcc/arm-none-eabi/5.4.1/armv7-m\libgcc.a(_arm_unorddf2.o)
                0x0000b324                __unorddf2
                0x0000b324                __aeabi_dcmpun
 .text.__errno  0x0000b350        0xc c:/nxp/lpcxpresso_8.2.2_650/lpcxpresso/tools/bin/../lib/gcc/arm-none-eabi/5.4.1/../../../../arm-none-eabi/lib/armv7-m\libc.a(lib_a-errno.o)
                0x0000b350                __errno
 *(.rodata .rodata.* .constdata .constdata.*)
 .rodata        0x0000b35c        0x3 ./src/GParser.o
 *fill*         0x0000b35f        0x1 ff
 .rodata        0x0000b360       0x95 ./src/XY-Plotter.o
 *fill*         0x0000b3f5        0x3 ff
 .rodata        0x0000b3f8        0xa ./freertos/src/tasks.o
 *fill*         0x0000b402        0x2 ff
 .rodata.OscRateIn
                0x0000b404        0x4 C:\Users\Olli\Documents\LPCXpresso_8.0.0_526\Project\lpc_board_nxp_lpcxpresso_1549\Debug\liblpc_board_nxp_lpcxpresso_1549.a(board.o)
                0x0000b404                OscRateIn
 .rodata.RTCOscRateIn
                0x0000b408        0x4 C:\Users\Olli\Documents\LPCXpresso_8.0.0_526\Project\lpc_board_nxp_lpcxpresso_1549\Debug\liblpc_board_nxp_lpcxpresso_1549.a(board.o)
                0x0000b408                RTCOscRateIn
 .rodata.ledpins
                0x0000b40c        0x3 C:\Users\Olli\Documents\LPCXpresso_8.0.0_526\Project\lpc_board_nxp_lpcxpresso_1549\Debug\liblpc_board_nxp_lpcxpresso_1549.a(board.o)
 *fill*         0x0000b40f        0x1 ff
 .rodata.ledports
                0x0000b410        0x3 C:\Users\Olli\Documents\LPCXpresso_8.0.0_526\Project\lpc_board_nxp_lpcxpresso_1549\Debug\liblpc_board_nxp_lpcxpresso_1549.a(board.o)
 *fill*         0x0000b413        0x1 ff
 .rodata.ioconSetup
                0x0000b414       0x74 C:\Users\Olli\Documents\LPCXpresso_8.0.0_526\Project\lpc_board_nxp_lpcxpresso_1549\Debug\liblpc_board_nxp_lpcxpresso_1549.a(board_sysinit.o)
 .rodata.swmSetup
                0x0000b488        0x6 C:\Users\Olli\Documents\LPCXpresso_8.0.0_526\Project\lpc_board_nxp_lpcxpresso_1549\Debug\liblpc_board_nxp_lpcxpresso_1549.a(board_sysinit.o)
 *fill*         0x0000b48e        0x2 ff
 .rodata.str1.4
                0x0000b490        0x2 c:/nxp/lpcxpresso_8.2.2_650/lpcxpresso/tools/bin/../lib/gcc/arm-none-eabi/5.4.1/../../../../arm-none-eabi/lib/armv7-m\libc.a(lib_a-impure.o)
 *fill*         0x0000b492        0x2 ff
 .rodata.blanks.7055
                0x0000b494       0x10 c:/nxp/lpcxpresso_8.2.2_650/lpcxpresso/tools/bin/../lib/gcc/arm-none-eabi/5.4.1/../../../../arm-none-eabi/lib/armv7-m\libc.a(lib_a-svfprintf.o)
 .rodata.str1.4
                0x0000b4a4       0x42 c:/nxp/lpcxpresso_8.2.2_650/lpcxpresso/tools/bin/../lib/gcc/arm-none-eabi/5.4.1/../../../../arm-none-eabi/lib/armv7-m\libc.a(lib_a-svfprintf.o)
 *fill*         0x0000b4e6        0x2 ff
 .rodata.zeroes.7056
                0x0000b4e8       0x10 c:/nxp/lpcxpresso_8.2.2_650/lpcxpresso/tools/bin/../lib/gcc/arm-none-eabi/5.4.1/../../../../arm-none-eabi/lib/armv7-m\libc.a(lib_a-svfprintf.o)
 .rodata.str1.4
                0x0000b4f8       0x10 c:/nxp/lpcxpresso_8.2.2_650/lpcxpresso/tools/bin/../lib/gcc/arm-none-eabi/5.4.1/../../../../arm-none-eabi/lib/armv7-m\libc.a(lib_a-dtoa.o)
                                 0x12 (size before relaxing)
 .rodata.str1.4
                0x0000b508        0xa c:/nxp/lpcxpresso_8.2.2_650/lpcxpresso/tools/bin/../lib/gcc/arm-none-eabi/5.4.1/../../../../arm-none-eabi/lib/armv7-m\libc.a(lib_a-locale.o)
                                 0x12 (size before relaxing)
 *fill*         0x0000b512        0x6 ff
 .rodata.__mprec_tens
                0x0000b518       0xc8 c:/nxp/lpcxpresso_8.2.2_650/lpcxpresso/tools/bin/../lib/gcc/arm-none-eabi/5.4.1/../../../../arm-none-eabi/lib/armv7-m\libc.a(lib_a-mprec.o)
                0x0000b518                __mprec_tens
 .rodata.__mprec_bigtens
                0x0000b5e0       0x28 c:/nxp/lpcxpresso_8.2.2_650/lpcxpresso/tools/bin/../lib/gcc/arm-none-eabi/5.4.1/../../../../arm-none-eabi/lib/armv7-m\libc.a(lib_a-mprec.o)
                0x0000b5e0                __mprec_bigtens
 .rodata.p05.5396
                0x0000b608        0xc c:/nxp/lpcxpresso_8.2.2_650/lpcxpresso/tools/bin/../lib/gcc/arm-none-eabi/5.4.1/../../../../arm-none-eabi/lib/armv7-m\libc.a(lib_a-mprec.o)
 .rodata.str1.4
                0x0000b614        0x4 c:/nxp/lpcxpresso_8.2.2_650/lpcxpresso/tools/bin/../lib/gcc/arm-none-eabi/5.4.1/../../../../arm-none-eabi/lib/armv7-m\libm.a(lib_a-w_pow.o)
 .rodata.str1.4
                0x0000b618        0x8 c:/nxp/lpcxpresso_8.2.2_650/lpcxpresso/tools/bin/../lib/gcc/arm-none-eabi/5.4.1/../../../../arm-none-eabi/lib/armv7-m\libm.a(lib_a-w_sqrt.o)
                                  0x5 (size before relaxing)
 .rodata.str1.4
                0x0000b620        0x1 c:/nxp/lpcxpresso_8.2.2_650/lpcxpresso/tools/bin/../lib/gcc/arm-none-eabi/5.4.1/../../../../arm-none-eabi/lib/armv7-m\libm.a(lib_a-e_pow.o)
 .rodata.TWO52  0x0000b620       0x10 c:/nxp/lpcxpresso_8.2.2_650/lpcxpresso/tools/bin/../lib/gcc/arm-none-eabi/5.4.1/../../../../arm-none-eabi/lib/armv7-m\libm.a(lib_a-s_rint.o)
                0x0000b630                . = ALIGN (0x4)
                0x0000b630                . = ALIGN (0x4)
 *(.init)
 .init          0x0000b630        0x4 c:/nxp/lpcxpresso_8.2.2_650/lpcxpresso/tools/bin/../lib/gcc/arm-none-eabi/5.4.1/armv7-m\crti.o
                0x0000b630                _init
 .init          0x0000b634        0x8 c:/nxp/lpcxpresso_8.2.2_650/lpcxpresso/tools/bin/../lib/gcc/arm-none-eabi/5.4.1/armv7-m\crtn.o
                0x0000b63c                . = ALIGN (0x4)
                0x0000b63c                __preinit_array_start = .
 *(.preinit_array)
                0x0000b63c                __preinit_array_end = .
                0x0000b63c                . = ALIGN (0x4)
                0x0000b63c                __init_array_start = .
 *(SORT(.init_array.*))
 *(.init_array)
 .init_array    0x0000b63c        0x4 ./src/LPCXProject.o
 .init_array    0x0000b640        0x4 ./src/XY-Plotter.o
 .init_array    0x0000b644        0x4 c:/nxp/lpcxpresso_8.2.2_650/lpcxpresso/tools/bin/../lib/gcc/arm-none-eabi/5.4.1/armv7-m\crtbegin.o
                0x0000b648                __init_array_end = .
 *(.fini)
 .fini          0x0000b648        0x4 c:/nxp/lpcxpresso_8.2.2_650/lpcxpresso/tools/bin/../lib/gcc/arm-none-eabi/5.4.1/armv7-m\crti.o
                0x0000b648                _fini
 .fini          0x0000b64c        0x8 c:/nxp/lpcxpresso_8.2.2_650/lpcxpresso/tools/bin/../lib/gcc/arm-none-eabi/5.4.1/armv7-m\crtn.o
                0x0000b654                . = ALIGN (0x4)
 *crtbegin.o(.ctors)
 *(EXCLUDE_FILE(*crtend.o) .ctors)
 *(SORT(.ctors.*))
 *crtend.o(.ctors)
                0x0000b654                . = ALIGN (0x4)
 *crtbegin.o(.dtors)
 *(EXCLUDE_FILE(*crtend.o) .dtors)
 *(SORT(.dtors.*))
 *crtend.o(.dtors)
                0x0000b654                . = ALIGN (0x4)

.glue_7         0x0000b654        0x0
 .glue_7        0x0000b654        0x0 linker stubs

.glue_7t        0x0000b654        0x0
 .glue_7t       0x0000b654        0x0 linker stubs

.vfp11_veneer   0x0000b654        0x0
 .vfp11_veneer  0x0000b654        0x0 linker stubs

.v4_bx          0x0000b654        0x0
 .v4_bx         0x0000b654        0x0 linker stubs

.iplt           0x0000b654        0x0
 .iplt          0x0000b654        0x0 ./src/GParser.o

.ARM.extab
 *(.ARM.extab* .gnu.linkonce.armextab.*)
                0x0000b654                __exidx_start = .

.ARM.exidx      0x0000b654        0x8
 *(.ARM.exidx* .gnu.linkonce.armexidx.*)
 .ARM.exidx     0x0000b654        0x8 c:/nxp/lpcxpresso_8.2.2_650/lpcxpresso/tools/bin/../lib/gcc/arm-none-eabi/5.4.1/armv7-m\libgcc.a(_udivmoddi4.o)
                0x0000b65c                __exidx_end = .
                0x0000b65c                _etext = .

.rel.dyn        0x0000b65c        0x0
 .rel.iplt      0x0000b65c        0x0 ./src/GParser.o

.eh_frame       0x0000b65c        0x0
 .eh_frame      0x0000b65c        0x0 c:/nxp/lpcxpresso_8.2.2_650/lpcxpresso/tools/bin/../lib/gcc/arm-none-eabi/5.4.1/armv7-m\crtbegin.o

.data_RAM2      0x02004000        0x0 load address 0x0000b65c
 FILL mask 0xff
                [!provide]                PROVIDE (__start_data_RAM2, .)
 *(.ramfunc.$RAM2)
 *(.ramfunc.$Ram1_16)
 *(.data.$RAM2*)
 *(.data.$Ram1_16*)
                0x02004000                . = ALIGN (0x4)
                [!provide]                PROVIDE (__end_data_RAM2, .)

.data_RAM3      0x02008000        0x0 load address 0x0000b65c
 FILL mask 0xff
                [!provide]                PROVIDE (__start_data_RAM3, .)
 *(.ramfunc.$RAM3)
 *(.ramfunc.$Ram2_4)
 *(.data.$RAM3*)
 *(.data.$Ram2_4*)
                0x02008000                . = ALIGN (0x4)
                [!provide]                PROVIDE (__end_data_RAM3, .)

.uninit_RESERVED
                0x02000000        0x0
 *(.bss.$RESERVED*)
                0x02000000                . = ALIGN (0x4)
                0x02000000                _end_uninit_RESERVED = .

.data           0x02000000      0x884 load address 0x0000b65c
 FILL mask 0xff
                0x02000000                _data = .
 *(vtable)
 *(.ramfunc*)
 *(.data*)
 .data.uxCriticalNesting
                0x02000000        0x4 ./freertos/src/port.o
 .data.xNextTaskUnblockTime
                0x02000004        0x4 ./freertos/src/tasks.o
 .data.impure_data
                0x02000008      0x428 c:/nxp/lpcxpresso_8.2.2_650/lpcxpresso/tools/bin/../lib/gcc/arm-none-eabi/5.4.1/../../../../arm-none-eabi/lib/armv7-m\libc.a(lib_a-impure.o)
 .data._impure_ptr
                0x02000430        0x4 c:/nxp/lpcxpresso_8.2.2_650/lpcxpresso/tools/bin/../lib/gcc/arm-none-eabi/5.4.1/../../../../arm-none-eabi/lib/armv7-m\libc.a(lib_a-impure.o)
                0x02000430                _impure_ptr
 .data.__malloc_av_
                0x02000434      0x408 c:/nxp/lpcxpresso_8.2.2_650/lpcxpresso/tools/bin/../lib/gcc/arm-none-eabi/5.4.1/../../../../arm-none-eabi/lib/armv7-m\libc.a(lib_a-mallocr.o)
                0x02000434                __malloc_av_
 .data.__malloc_trim_threshold
                0x0200083c        0x4 c:/nxp/lpcxpresso_8.2.2_650/lpcxpresso/tools/bin/../lib/gcc/arm-none-eabi/5.4.1/../../../../arm-none-eabi/lib/armv7-m\libc.a(lib_a-mallocr.o)
                0x0200083c                __malloc_trim_threshold
 .data.__malloc_sbrk_base
                0x02000840        0x4 c:/nxp/lpcxpresso_8.2.2_650/lpcxpresso/tools/bin/../lib/gcc/arm-none-eabi/5.4.1/../../../../arm-none-eabi/lib/armv7-m\libc.a(lib_a-mallocr.o)
                0x02000840                __malloc_sbrk_base
 .data.lconv    0x02000844       0x38 c:/nxp/lpcxpresso_8.2.2_650/lpcxpresso/tools/bin/../lib/gcc/arm-none-eabi/5.4.1/../../../../arm-none-eabi/lib/armv7-m\libc.a(lib_a-locale.o)
 .data.__fdlib_version
                0x0200087c        0x1 c:/nxp/lpcxpresso_8.2.2_650/lpcxpresso/tools/bin/../lib/gcc/arm-none-eabi/5.4.1/../../../../arm-none-eabi/lib/armv7-m\libm.a(lib_a-s_lib_ver.o)
                0x0200087c                __fdlib_version
 *fill*         0x0200087d        0x3 ff
 .data          0x02000880        0x4 c:/nxp/lpcxpresso_8.2.2_650/lpcxpresso/tools/bin/../lib/gcc/arm-none-eabi/5.4.1/armv7-m\crtbegin.o
                0x02000880                __dso_handle
                0x02000884                . = ALIGN (0x4)
                0x02000884                _edata = .

.igot.plt       0x02000884        0x0 load address 0x0000bee0
 .igot.plt      0x02000884        0x0 ./src/GParser.o

.jcr            0x02000884        0x0 load address 0x0000bee0
 .jcr           0x02000884        0x0 c:/nxp/lpcxpresso_8.2.2_650/lpcxpresso/tools/bin/../lib/gcc/arm-none-eabi/5.4.1/armv7-m\crtbegin.o

.bss_RAM2       0x02004000        0x0
                [!provide]                PROVIDE (__start_bss_RAM2, .)
 *(.bss.$RAM2*)
 *(.bss.$Ram1_16*)
                0x02004000                . = ALIGN ((. != 0x0)?0x4:0x1)
                [!provide]                PROVIDE (__end_bss_RAM2, .)

.bss_RAM3       0x02008000        0x0
                [!provide]                PROVIDE (__start_bss_RAM3, .)
 *(.bss.$RAM3*)
 *(.bss.$Ram2_4*)
                0x02008000                . = ALIGN ((. != 0x0)?0x4:0x1)
                [!provide]                PROVIDE (__end_bss_RAM3, .)

.bss            0x02000884      0x314
                0x02000884                _bss = .
 *(.bss*)
 .bss.RIT_count
                0x02000884        0x4 ./src/LPCXProject.o
                0x02000884                RIT_count
 .bss.sbRIT     0x02000888        0x4 ./src/LPCXProject.o
                0x02000888                sbRIT
 .bss.bDirection
                0x0200088c        0x1 ./src/LPCXProject.o
                0x0200088c                bDirection
 .bss.bXMotor   0x0200088d        0x1 ./src/LPCXProject.o
                0x0200088d                bXMotor
 .bss.bYMotor   0x0200088e        0x1 ./src/LPCXProject.o
                0x0200088e                bYMotor
 .bss.bAxis     0x0200088f        0x1 ./src/LPCXProject.o
                0x0200088f                bAxis
 .bss.fSavedMilliXaxis
                0x02000890        0x4 ./src/LPCXProject.o
                0x02000890                fSavedMilliXaxis
 .bss.fSavedMilliYaxis
                0x02000894        0x4 ./src/LPCXProject.o
                0x02000894                fSavedMilliYaxis
 .bss.iCurrentStepX
                0x02000898        0x4 ./src/LPCXProject.o
                0x02000898                iCurrentStepX
 .bss.iCurrentStepY
                0x0200089c        0x4 ./src/LPCXProject.o
                0x0200089c                iCurrentStepY
 .bss.distance1
                0x020008a0        0x4 ./src/LPCXProject.o
                0x020008a0                distance1
 .bss.xQueue    0x020008a4        0x4 ./src/XY-Plotter.o
                0x020008a4                xQueue
 .bss.xSemaphore
                0x020008a8        0x4 ./src/XY-Plotter.o
                0x020008a8                xSemaphore
 .bss.parser    0x020008ac       0xc0 ./src/XY-Plotter.o
                0x020008ac                parser
 .bss.pen       0x0200096c       0x18 ./src/XY-Plotter.o
                0x0200096c                pen
 .bss.laser     0x02000984       0x18 ./src/XY-Plotter.o
                0x02000984                laser
 .bss.charCount
                0x0200099c        0x4 ./src/XY-Plotter.o
                0x0200099c                charCount
 .bss.iNbTotalStepXaxis
                0x020009a0        0x4 ./src/XY-Plotter.o
                0x020009a0                iNbTotalStepXaxis
 .bss.iNbTotalStepYaxis
                0x020009a4        0x4 ./src/XY-Plotter.o
                0x020009a4                iNbTotalStepYaxis
 .bss.ulTimerCountsForOneTick
                0x020009a8        0x4 ./freertos/src/port.o
 .bss.xMaximumPossibleSuppressedTicks
                0x020009ac        0x4 ./freertos/src/port.o
 .bss.ulStoppedTimerCompensation
                0x020009b0        0x4 ./freertos/src/port.o
 .bss.xQueueRegistry
                0x020009b4       0x50 ./freertos/src/queue.o
                0x020009b4                xQueueRegistry
 .bss.pxCurrentTCB
                0x02000a04        0x4 ./freertos/src/tasks.o
                0x02000a04                pxCurrentTCB
 .bss.pxReadyTasksLists
                0x02000a08       0xa0 ./freertos/src/tasks.o
 .bss.xDelayedTaskList1
                0x02000aa8       0x14 ./freertos/src/tasks.o
 .bss.xDelayedTaskList2
                0x02000abc       0x14 ./freertos/src/tasks.o
 .bss.pxDelayedTaskList
                0x02000ad0        0x4 ./freertos/src/tasks.o
 .bss.pxOverflowDelayedTaskList
                0x02000ad4        0x4 ./freertos/src/tasks.o
 .bss.xPendingReadyList
                0x02000ad8       0x14 ./freertos/src/tasks.o
 .bss.xTasksWaitingTermination
                0x02000aec       0x14 ./freertos/src/tasks.o
 .bss.uxTasksDeleted
                0x02000b00        0x4 ./freertos/src/tasks.o
 .bss.xSuspendedTaskList
                0x02000b04       0x14 ./freertos/src/tasks.o
 .bss.uxCurrentNumberOfTasks
                0x02000b18        0x4 ./freertos/src/tasks.o
 .bss.xTickCount
                0x02000b1c        0x4 ./freertos/src/tasks.o
 .bss.uxTopReadyPriority
                0x02000b20        0x4 ./freertos/src/tasks.o
 .bss.xSchedulerRunning
                0x02000b24        0x4 ./freertos/src/tasks.o
 .bss.uxPendedTicks
                0x02000b28        0x4 ./freertos/src/tasks.o
 .bss.xYieldPending
                0x02000b2c        0x4 ./freertos/src/tasks.o
 .bss.xNumOfOverflows
                0x02000b30        0x4 ./freertos/src/tasks.o
 .bss.uxTaskNumber
                0x02000b34        0x4 ./freertos/src/tasks.o
 .bss.uxSchedulerSuspended
                0x02000b38        0x4 ./freertos/src/tasks.o
 .bss.__malloc_max_total_mem
                0x02000b3c        0x4 c:/nxp/lpcxpresso_8.2.2_650/lpcxpresso/tools/bin/../lib/gcc/arm-none-eabi/5.4.1/../../../../arm-none-eabi/lib/armv7-m\libc.a(lib_a-mallocr.o)
                0x02000b3c                __malloc_max_total_mem
 .bss.__malloc_max_sbrked_mem
                0x02000b40        0x4 c:/nxp/lpcxpresso_8.2.2_650/lpcxpresso/tools/bin/../lib/gcc/arm-none-eabi/5.4.1/../../../../arm-none-eabi/lib/armv7-m\libc.a(lib_a-mallocr.o)
                0x02000b40                __malloc_max_sbrked_mem
 .bss.__malloc_top_pad
                0x02000b44        0x4 c:/nxp/lpcxpresso_8.2.2_650/lpcxpresso/tools/bin/../lib/gcc/arm-none-eabi/5.4.1/../../../../arm-none-eabi/lib/armv7-m\libc.a(lib_a-mallocr.o)
                0x02000b44                __malloc_top_pad
 .bss.__malloc_current_mallinfo
                0x02000b48       0x28 c:/nxp/lpcxpresso_8.2.2_650/lpcxpresso/tools/bin/../lib/gcc/arm-none-eabi/5.4.1/../../../../arm-none-eabi/lib/armv7-m\libc.a(lib_a-mallocr.o)
                0x02000b48                __malloc_current_mallinfo
 .bss.__end_of_heap
                0x02000b70        0x4 c:/nxp/lpcxpresso_8.2.2_650/lpcxpresso/tools/bin/../lib/gcc/arm-none-eabi/5.4.1/../../../../arm-none-eabi/lib/armv7-m\libcr_newlib_nohost.a(_cr_sbrk.o)
                0x02000b70                __end_of_heap
 .bss           0x02000b74       0x1c c:/nxp/lpcxpresso_8.2.2_650/lpcxpresso/tools/bin/../lib/gcc/arm-none-eabi/5.4.1/armv7-m\crtbegin.o
 *(COMMON)
 COMMON         0x02000b90        0x4 C:\Users\Olli\Documents\LPCXpresso_8.0.0_526\Project\lpc_chip_15xx\Debug\liblpc_chip_15xx.a(chip_15xx.o)
                0x02000b90                SystemCoreClock
 COMMON         0x02000b94        0x4 c:/nxp/lpcxpresso_8.2.2_650/lpcxpresso/tools/bin/../lib/gcc/arm-none-eabi/5.4.1/../../../../arm-none-eabi/lib/armv7-m\libc.a(lib_a-reent.o)
                0x02000b94                errno
                0x02000b98                . = ALIGN (0x4)
                0x02000b98                _ebss = .
                [!provide]                PROVIDE (end, .)

.noinit_RAM2    0x02004000        0x0
 *(.noinit.$RAM2*)
 *(.noinit.$Ram1_16*)
                0x02004000                . = ALIGN (0x4)

.noinit_RAM3    0x02008000        0x0
 *(.noinit.$RAM3*)
 *(.noinit.$Ram2_4*)
                0x02008000                . = ALIGN (0x4)

.noinit         0x02000b98        0x0
                0x02000b98                _noinit = .
 *(.noinit*)
                0x02000b98                . = ALIGN (0x4)
                0x02000b98                _end_noinit = .
                0x02000b98                PROVIDE (_pvHeapStart, DEFINED (__user_heap_base)?__user_heap_base:.)
                0x02004000                PROVIDE (_vStackTop, DEFINED (__user_stack_top)?__user_stack_top:(__top_Ram0_16 - 0x0))
                0xfdffb2b6                PROVIDE (__valid_user_code_checksum, (0x0 - ((((((_vStackTop + (ResetISR + 0x1)) + (NMI_Handler + 0x1)) + (HardFault_Handler + 0x1)) + (DEFINED (MemManage_Handler)?MemManage_Handler:0x0 + 0x1)) + (DEFINED (BusFault_Handler)?BusFault_Handler:0x0 + 0x1)) + (DEFINED (UsageFault_Handler)?UsageFault_Handler:0x0 + 0x1))))
OUTPUT(XY-Plotter.axf elf32-littlearm)

.debug_info     0x00000000     0xeaa8
 .debug_info    0x00000000      0x4a8 ./src/GParser.o
 .debug_info    0x000004a8      0x34e ./src/ITM_write.o
 .debug_info    0x000007f6     0x1afd ./src/LPCXProject.o
 .debug_info    0x000022f3     0x1fbc ./src/XY-Plotter.o
 .debug_info    0x000042af      0x1aa ./src/cr_cpp_config.o
 .debug_info    0x00004459      0x281 ./src/cr_startup_lpc15xx.o
 .debug_info    0x000046da      0xb5e ./src/drawingObject.o
 .debug_info    0x00005238       0xee ./src/sysinit.o
 .debug_info    0x00005326      0x1ae ./freertos/src/FreeRTOSCommonHooks.o
 .debug_info    0x000054d4      0x143 ./freertos/src/heap_3.o
 .debug_info    0x00005617      0x2ee ./freertos/src/list.o
 .debug_info    0x00005905      0x46a ./freertos/src/port.o
 .debug_info    0x00005d6f      0xcb2 ./freertos/src/queue.o
 .debug_info    0x00006a21     0x1bcb ./freertos/src/tasks.o
 .debug_info    0x000085ec      0xaa8 C:\Users\Olli\Documents\LPCXpresso_8.0.0_526\Project\lpc_board_nxp_lpcxpresso_1549\Debug\liblpc_board_nxp_lpcxpresso_1549.a(board.o)
 .debug_info    0x00009094      0xc90 C:\Users\Olli\Documents\LPCXpresso_8.0.0_526\Project\lpc_board_nxp_lpcxpresso_1549\Debug\liblpc_board_nxp_lpcxpresso_1549.a(board_sysinit.o)
 .debug_info    0x00009d24      0x98d C:\Users\Olli\Documents\LPCXpresso_8.0.0_526\Project\lpc_chip_15xx\Debug\liblpc_chip_15xx.a(chip_15xx.o)
 .debug_info    0x0000a6b1      0xd3e C:\Users\Olli\Documents\LPCXpresso_8.0.0_526\Project\lpc_chip_15xx\Debug\liblpc_chip_15xx.a(clock_15xx.o)
 .debug_info    0x0000b3ef      0x624 C:\Users\Olli\Documents\LPCXpresso_8.0.0_526\Project\lpc_chip_15xx\Debug\liblpc_chip_15xx.a(gpio_15xx.o)
 .debug_info    0x0000ba13      0x1f9 C:\Users\Olli\Documents\LPCXpresso_8.0.0_526\Project\lpc_chip_15xx\Debug\liblpc_chip_15xx.a(iocon_15xx.o)
 .debug_info    0x0000bc0c      0x5a1 C:\Users\Olli\Documents\LPCXpresso_8.0.0_526\Project\lpc_chip_15xx\Debug\liblpc_chip_15xx.a(ritimer_15xx.o)
 .debug_info    0x0000c1ad      0xa2c C:\Users\Olli\Documents\LPCXpresso_8.0.0_526\Project\lpc_chip_15xx\Debug\liblpc_chip_15xx.a(sct_15xx.o)
 .debug_info    0x0000cbd9      0x5ea C:\Users\Olli\Documents\LPCXpresso_8.0.0_526\Project\lpc_chip_15xx\Debug\liblpc_chip_15xx.a(swm_15xx.o)
 .debug_info    0x0000d1c3      0x74c C:\Users\Olli\Documents\LPCXpresso_8.0.0_526\Project\lpc_chip_15xx\Debug\liblpc_chip_15xx.a(sysctl_15xx.o)
 .debug_info    0x0000d90f      0x738 C:\Users\Olli\Documents\LPCXpresso_8.0.0_526\Project\lpc_chip_15xx\Debug\liblpc_chip_15xx.a(sysinit_15xx.o)
 .debug_info    0x0000e047      0x8d3 C:\Users\Olli\Documents\LPCXpresso_8.0.0_526\Project\lpc_chip_15xx\Debug\liblpc_chip_15xx.a(uart_15xx.o)
 .debug_info    0x0000e91a      0x124 c:/nxp/lpcxpresso_8.2.2_650/lpcxpresso/tools/bin/../lib/gcc/arm-none-eabi/5.4.1/../../../../arm-none-eabi/lib/armv7-m\libcr_newlib_nohost.a(_cr_sbrk.o)
 .debug_info    0x0000ea3e       0x6a c:/nxp/lpcxpresso_8.2.2_650/lpcxpresso/tools/bin/../lib/gcc/arm-none-eabi/5.4.1/../../../../arm-none-eabi/lib/armv7-m\libcr_newlib_nohost.a(_cr_check_heap.o)

.debug_abbrev   0x00000000     0x2ed2
 .debug_abbrev  0x00000000      0x209 ./src/GParser.o
 .debug_abbrev  0x00000209      0x106 ./src/ITM_write.o
 .debug_abbrev  0x0000030f      0x3a5 ./src/LPCXProject.o
 .debug_abbrev  0x000006b4      0x41e ./src/XY-Plotter.o
 .debug_abbrev  0x00000ad2       0xf4 ./src/cr_cpp_config.o
 .debug_abbrev  0x00000bc6       0xe7 ./src/cr_startup_lpc15xx.o
 .debug_abbrev  0x00000cad      0x247 ./src/drawingObject.o
 .debug_abbrev  0x00000ef4       0x82 ./src/sysinit.o
 .debug_abbrev  0x00000f76      0x129 ./freertos/src/FreeRTOSCommonHooks.o
 .debug_abbrev  0x0000109f       0xd4 ./freertos/src/heap_3.o
 .debug_abbrev  0x00001173       0xec ./freertos/src/list.o
 .debug_abbrev  0x0000125f      0x1df ./freertos/src/port.o
 .debug_abbrev  0x0000143e      0x1f7 ./freertos/src/queue.o
 .debug_abbrev  0x00001635      0x334 ./freertos/src/tasks.o
 .debug_abbrev  0x00001969      0x20e C:\Users\Olli\Documents\LPCXpresso_8.0.0_526\Project\lpc_board_nxp_lpcxpresso_1549\Debug\liblpc_board_nxp_lpcxpresso_1549.a(board.o)
 .debug_abbrev  0x00001b77      0x208 C:\Users\Olli\Documents\LPCXpresso_8.0.0_526\Project\lpc_board_nxp_lpcxpresso_1549\Debug\liblpc_board_nxp_lpcxpresso_1549.a(board_sysinit.o)
 .debug_abbrev  0x00001d7f      0x1b3 C:\Users\Olli\Documents\LPCXpresso_8.0.0_526\Project\lpc_chip_15xx\Debug\liblpc_chip_15xx.a(chip_15xx.o)
 .debug_abbrev  0x00001f32      0x285 C:\Users\Olli\Documents\LPCXpresso_8.0.0_526\Project\lpc_chip_15xx\Debug\liblpc_chip_15xx.a(clock_15xx.o)
 .debug_abbrev  0x000021b7      0x16a C:\Users\Olli\Documents\LPCXpresso_8.0.0_526\Project\lpc_chip_15xx\Debug\liblpc_chip_15xx.a(gpio_15xx.o)
 .debug_abbrev  0x00002321      0x137 C:\Users\Olli\Documents\LPCXpresso_8.0.0_526\Project\lpc_chip_15xx\Debug\liblpc_chip_15xx.a(iocon_15xx.o)
 .debug_abbrev  0x00002458      0x16e C:\Users\Olli\Documents\LPCXpresso_8.0.0_526\Project\lpc_chip_15xx\Debug\liblpc_chip_15xx.a(ritimer_15xx.o)
 .debug_abbrev  0x000025c6      0x200 C:\Users\Olli\Documents\LPCXpresso_8.0.0_526\Project\lpc_chip_15xx\Debug\liblpc_chip_15xx.a(sct_15xx.o)
 .debug_abbrev  0x000027c6      0x13e C:\Users\Olli\Documents\LPCXpresso_8.0.0_526\Project\lpc_chip_15xx\Debug\liblpc_chip_15xx.a(swm_15xx.o)
 .debug_abbrev  0x00002904      0x12b C:\Users\Olli\Documents\LPCXpresso_8.0.0_526\Project\lpc_chip_15xx\Debug\liblpc_chip_15xx.a(sysctl_15xx.o)
 .debug_abbrev  0x00002a2f      0x18c C:\Users\Olli\Documents\LPCXpresso_8.0.0_526\Project\lpc_chip_15xx\Debug\liblpc_chip_15xx.a(sysinit_15xx.o)
 .debug_abbrev  0x00002bbb      0x1e6 C:\Users\Olli\Documents\LPCXpresso_8.0.0_526\Project\lpc_chip_15xx\Debug\liblpc_chip_15xx.a(uart_15xx.o)
 .debug_abbrev  0x00002da1       0xcf c:/nxp/lpcxpresso_8.2.2_650/lpcxpresso/tools/bin/../lib/gcc/arm-none-eabi/5.4.1/../../../../arm-none-eabi/lib/armv7-m\libcr_newlib_nohost.a(_cr_sbrk.o)
 .debug_abbrev  0x00002e70       0x62 c:/nxp/lpcxpresso_8.2.2_650/lpcxpresso/tools/bin/../lib/gcc/arm-none-eabi/5.4.1/../../../../arm-none-eabi/lib/armv7-m\libcr_newlib_nohost.a(_cr_check_heap.o)

.debug_aranges  0x00000000      0xc88
 .debug_aranges
                0x00000000       0x48 ./src/GParser.o
 .debug_aranges
                0x00000048       0x30 ./src/ITM_write.o
 .debug_aranges
                0x00000078       0xc8 ./src/LPCXProject.o
 .debug_aranges
                0x00000140       0x60 ./src/XY-Plotter.o
 .debug_aranges
                0x000001a0       0x48 ./src/cr_cpp_config.o
 .debug_aranges
                0x000001e8       0x80 ./src/cr_startup_lpc15xx.o
 .debug_aranges
                0x00000268       0x48 ./src/drawingObject.o
 .debug_aranges
                0x000002b0       0x20 ./src/sysinit.o
 .debug_aranges
                0x000002d0       0x40 ./freertos/src/FreeRTOSCommonHooks.o
 .debug_aranges
                0x00000310       0x28 ./freertos/src/heap_3.o
 .debug_aranges
                0x00000338       0x40 ./freertos/src/list.o
 .debug_aranges
                0x00000378       0x90 ./freertos/src/port.o
 .debug_aranges
                0x00000408       0xf0 ./freertos/src/queue.o
 .debug_aranges
                0x000004f8      0x190 ./freertos/src/tasks.o
 .debug_aranges
                0x00000688       0xd0 C:\Users\Olli\Documents\LPCXpresso_8.0.0_526\Project\lpc_board_nxp_lpcxpresso_1549\Debug\liblpc_board_nxp_lpcxpresso_1549.a(board.o)
 .debug_aranges
                0x00000758       0x60 C:\Users\Olli\Documents\LPCXpresso_8.0.0_526\Project\lpc_board_nxp_lpcxpresso_1549\Debug\liblpc_board_nxp_lpcxpresso_1549.a(board_sysinit.o)
 .debug_aranges
                0x000007b8       0x50 C:\Users\Olli\Documents\LPCXpresso_8.0.0_526\Project\lpc_chip_15xx\Debug\liblpc_chip_15xx.a(chip_15xx.o)
 .debug_aranges
                0x00000808      0x128 C:\Users\Olli\Documents\LPCXpresso_8.0.0_526\Project\lpc_chip_15xx\Debug\liblpc_chip_15xx.a(clock_15xx.o)
 .debug_aranges
                0x00000930       0x70 C:\Users\Olli\Documents\LPCXpresso_8.0.0_526\Project\lpc_chip_15xx\Debug\liblpc_chip_15xx.a(gpio_15xx.o)
 .debug_aranges
                0x000009a0       0x28 C:\Users\Olli\Documents\LPCXpresso_8.0.0_526\Project\lpc_chip_15xx\Debug\liblpc_chip_15xx.a(iocon_15xx.o)
 .debug_aranges
                0x000009c8       0x80 C:\Users\Olli\Documents\LPCXpresso_8.0.0_526\Project\lpc_chip_15xx\Debug\liblpc_chip_15xx.a(ritimer_15xx.o)
 .debug_aranges
                0x00000a48       0x50 C:\Users\Olli\Documents\LPCXpresso_8.0.0_526\Project\lpc_chip_15xx\Debug\liblpc_chip_15xx.a(sct_15xx.o)
 .debug_aranges
                0x00000a98       0x40 C:\Users\Olli\Documents\LPCXpresso_8.0.0_526\Project\lpc_chip_15xx\Debug\liblpc_chip_15xx.a(swm_15xx.o)
 .debug_aranges
                0x00000ad8       0x50 C:\Users\Olli\Documents\LPCXpresso_8.0.0_526\Project\lpc_chip_15xx\Debug\liblpc_chip_15xx.a(sysctl_15xx.o)
 .debug_aranges
                0x00000b28       0x58 C:\Users\Olli\Documents\LPCXpresso_8.0.0_526\Project\lpc_chip_15xx\Debug\liblpc_chip_15xx.a(sysinit_15xx.o)
 .debug_aranges
                0x00000b80       0xc8 C:\Users\Olli\Documents\LPCXpresso_8.0.0_526\Project\lpc_chip_15xx\Debug\liblpc_chip_15xx.a(uart_15xx.o)
 .debug_aranges
                0x00000c48       0x20 c:/nxp/lpcxpresso_8.2.2_650/lpcxpresso/tools/bin/../lib/gcc/arm-none-eabi/5.4.1/../../../../arm-none-eabi/lib/armv7-m\libcr_newlib_nohost.a(_cr_sbrk.o)
 .debug_aranges
                0x00000c68       0x20 c:/nxp/lpcxpresso_8.2.2_650/lpcxpresso/tools/bin/../lib/gcc/arm-none-eabi/5.4.1/../../../../arm-none-eabi/lib/armv7-m\libcr_newlib_nohost.a(_cr_check_heap.o)

.debug_ranges   0x00000000      0xac8
 .debug_ranges  0x00000000       0x38 ./src/GParser.o
 .debug_ranges  0x00000038       0x20 ./src/ITM_write.o
 .debug_ranges  0x00000058       0xb8 ./src/LPCXProject.o
 .debug_ranges  0x00000110       0x50 ./src/XY-Plotter.o
 .debug_ranges  0x00000160       0x38 ./src/cr_cpp_config.o
 .debug_ranges  0x00000198       0x70 ./src/cr_startup_lpc15xx.o
 .debug_ranges  0x00000208       0x38 ./src/drawingObject.o
 .debug_ranges  0x00000240       0x10 ./src/sysinit.o
 .debug_ranges  0x00000250       0x30 ./freertos/src/FreeRTOSCommonHooks.o
 .debug_ranges  0x00000280       0x18 ./freertos/src/heap_3.o
 .debug_ranges  0x00000298       0x30 ./freertos/src/list.o
 .debug_ranges  0x000002c8       0x80 ./freertos/src/port.o
 .debug_ranges  0x00000348       0xe0 ./freertos/src/queue.o
 .debug_ranges  0x00000428      0x180 ./freertos/src/tasks.o
 .debug_ranges  0x000005a8       0xc0 C:\Users\Olli\Documents\LPCXpresso_8.0.0_526\Project\lpc_board_nxp_lpcxpresso_1549\Debug\liblpc_board_nxp_lpcxpresso_1549.a(board.o)
 .debug_ranges  0x00000668       0x50 C:\Users\Olli\Documents\LPCXpresso_8.0.0_526\Project\lpc_board_nxp_lpcxpresso_1549\Debug\liblpc_board_nxp_lpcxpresso_1549.a(board_sysinit.o)
 .debug_ranges  0x000006b8       0x40 C:\Users\Olli\Documents\LPCXpresso_8.0.0_526\Project\lpc_chip_15xx\Debug\liblpc_chip_15xx.a(chip_15xx.o)
 .debug_ranges  0x000006f8      0x118 C:\Users\Olli\Documents\LPCXpresso_8.0.0_526\Project\lpc_chip_15xx\Debug\liblpc_chip_15xx.a(clock_15xx.o)
 .debug_ranges  0x00000810       0x60 C:\Users\Olli\Documents\LPCXpresso_8.0.0_526\Project\lpc_chip_15xx\Debug\liblpc_chip_15xx.a(gpio_15xx.o)
 .debug_ranges  0x00000870       0x18 C:\Users\Olli\Documents\LPCXpresso_8.0.0_526\Project\lpc_chip_15xx\Debug\liblpc_chip_15xx.a(iocon_15xx.o)
 .debug_ranges  0x00000888       0x70 C:\Users\Olli\Documents\LPCXpresso_8.0.0_526\Project\lpc_chip_15xx\Debug\liblpc_chip_15xx.a(ritimer_15xx.o)
 .debug_ranges  0x000008f8       0x40 C:\Users\Olli\Documents\LPCXpresso_8.0.0_526\Project\lpc_chip_15xx\Debug\liblpc_chip_15xx.a(sct_15xx.o)
 .debug_ranges  0x00000938       0x30 C:\Users\Olli\Documents\LPCXpresso_8.0.0_526\Project\lpc_chip_15xx\Debug\liblpc_chip_15xx.a(swm_15xx.o)
 .debug_ranges  0x00000968       0x40 C:\Users\Olli\Documents\LPCXpresso_8.0.0_526\Project\lpc_chip_15xx\Debug\liblpc_chip_15xx.a(sysctl_15xx.o)
 .debug_ranges  0x000009a8       0x48 C:\Users\Olli\Documents\LPCXpresso_8.0.0_526\Project\lpc_chip_15xx\Debug\liblpc_chip_15xx.a(sysinit_15xx.o)
 .debug_ranges  0x000009f0       0xb8 C:\Users\Olli\Documents\LPCXpresso_8.0.0_526\Project\lpc_chip_15xx\Debug\liblpc_chip_15xx.a(uart_15xx.o)
 .debug_ranges  0x00000aa8       0x10 c:/nxp/lpcxpresso_8.2.2_650/lpcxpresso/tools/bin/../lib/gcc/arm-none-eabi/5.4.1/../../../../arm-none-eabi/lib/armv7-m\libcr_newlib_nohost.a(_cr_sbrk.o)
 .debug_ranges  0x00000ab8       0x10 c:/nxp/lpcxpresso_8.2.2_650/lpcxpresso/tools/bin/../lib/gcc/arm-none-eabi/5.4.1/../../../../arm-none-eabi/lib/armv7-m\libcr_newlib_nohost.a(_cr_check_heap.o)

.debug_macro    0x00000000     0xcb44
 .debug_macro   0x00000000      0x457 ./src/GParser.o
 .debug_macro   0x00000457      0x8aa ./src/GParser.o
 .debug_macro   0x00000d01      0x16d ./src/GParser.o
 .debug_macro   0x00000e6e       0x22 ./src/GParser.o
 .debug_macro   0x00000e90       0x87 ./src/GParser.o
 .debug_macro   0x00000f17       0x44 ./src/GParser.o
 .debug_macro   0x00000f5b       0xfd ./src/GParser.o
 .debug_macro   0x00001058       0x5e ./src/GParser.o
 .debug_macro   0x000010b6      0x1df ./src/GParser.o
 .debug_macro   0x00001295       0x40 ./src/GParser.o
 .debug_macro   0x000012d5       0x28 ./src/GParser.o
 .debug_macro   0x000012fd       0x74 ./src/GParser.o
 .debug_macro   0x00001371       0x10 ./src/GParser.o
 .debug_macro   0x00001381       0x2d ./src/GParser.o
 .debug_macro   0x000013ae       0x3a ./src/GParser.o
 .debug_macro   0x000013e8       0x2d ./src/GParser.o
 .debug_macro   0x00001415      0xa7d ./src/GParser.o
 .debug_macro   0x00001e92      0x1b4 ./src/GParser.o
 .debug_macro   0x00002046       0xca ./src/GParser.o
 .debug_macro   0x00002110       0x11 ./src/GParser.o
 .debug_macro   0x00002121       0xb2 ./src/GParser.o
 .debug_macro   0x000021d3       0x70 ./src/GParser.o
 .debug_macro   0x00002243       0x46 ./src/GParser.o
 .debug_macro   0x00002289       0xd0 ./src/GParser.o
 .debug_macro   0x00002359       0x40 ./src/GParser.o
 .debug_macro   0x00002399      0x233 ./src/GParser.o
 .debug_macro   0x000025cc       0x16 ./src/GParser.o
 .debug_macro   0x000025e2       0x88 ./src/GParser.o
 .debug_macro   0x0000266a       0x34 ./src/GParser.o
 .debug_macro   0x0000269e       0x6a ./src/GParser.o
 .debug_macro   0x00002708       0x40 ./src/GParser.o
 .debug_macro   0x00002748       0x1c ./src/GParser.o
 .debug_macro   0x00002764       0x16 ./src/GParser.o
 .debug_macro   0x0000277a      0x10c ./src/GParser.o
 .debug_macro   0x00002886      0x2a9 ./src/GParser.o
 .debug_macro   0x00002b2f       0x76 ./src/GParser.o
 .debug_macro   0x00002ba5       0x22 ./src/GParser.o
 .debug_macro   0x00002bc7      0x152 ./src/GParser.o
 .debug_macro   0x00002d19       0x82 ./src/GParser.o
 .debug_macro   0x00002d9b       0xe6 ./src/GParser.o
 .debug_macro   0x00002e81       0x3a ./src/GParser.o
 .debug_macro   0x00002ebb       0x34 ./src/GParser.o
 .debug_macro   0x00002eef       0x10 ./src/GParser.o
 .debug_macro   0x00002eff       0x76 ./src/GParser.o
 .debug_macro   0x00002f75       0x58 ./src/GParser.o
 .debug_macro   0x00002fcd      0x2ca ./src/GParser.o
 .debug_macro   0x00003297      0x22b ./src/GParser.o
 .debug_macro   0x000034c2       0x2e ./src/GParser.o
 .debug_macro   0x000034f0       0x34 ./src/GParser.o
 .debug_macro   0x00003524       0x52 ./src/GParser.o
 .debug_macro   0x00003576       0x35 ./src/GParser.o
 .debug_macro   0x000035ab       0x9c ./src/GParser.o
 .debug_macro   0x00003647       0x16 ./src/GParser.o
 .debug_macro   0x0000365d       0x35 ./src/GParser.o
 .debug_macro   0x00003692      0x330 ./src/GParser.o